Z+ï¿½:ï¿½esJn ï¿½Òªjrt0 (=Uï¿½ï¿½U,ot0xb3S%ï¿½eMï¿½e!	=)4fiV:bPï¿½ï¿½ï¿½ï¿½ï¿½ï¿½ï¿½Hï¿½EÉ–'ï¿½0qdvï¿½0`,dEÉ–ï¿½0`0c0dvï¿½0`,hC}ï¿½Jï¿½Kï¿½ï¿½u}ï¿½0ï¿½Uï¿½ï¿½)'Tï¿½	ï¿½ï¿½ ï¿½ï¿½*ï¿½2Fï¿½ï¿½+:ï¿½3ï¿½ï¿½ï¿½bï¿½:ï¿½Ò“SHï¿½+0h0700enï¿½ï¿½ï¿½ï¿½ï¿½C!+ï¿½:ï¿½4ï¿½ï¿½bï¿½:hhoï¿½ï¿½ï¿½ ï¿½ï¿½ SHï¿½+:ï¿½4ï¿½ï¿½	ï¿½:&j
eÑ´ï¿½086cï¿½I (30) boot: ESP-IDF v5.4.1 2nd stage bootloader
[0;32mI (30) boot: compile time Apr 14 2025 11:20:41[0m
[0;32mI (30) boot: Multicore bootloader[0m
[0;32mI (31) boot: chip revision: v1.0[0m
[0;32mI (34) boot.esp32: SPI Speed      : 40MHz[0m
[0;32mI (38) boot.esp32: SPI Mode       : DIO[0m
[0;32mI (41) boot.esp32: SPI Flash Size : 2MB[0m
[0;32mI (45) boot: Enabling RNG early entropy source...[0m
[0;32mI (49) boot: Partition Table:[0m
[0;32mI (52) boot: ## Label            Usage          Type ST Offset   Length[0m
[0;32mI (58) boot:  0 nvs              WiFi data        01 02 00009000 00006000[0m
[0;32mI (65) boot:  1 phy_init         RF data          01 01 0000f000 00001000[0m
[0;32mI (71) boot:  2 factory          factory app      00 00 00010000 00100000[0m
[0;32mI (78) boot: End of partition table[0m
[0;32mI (81) esp_image: segment 0: paddr=00010020 vaddr=3f400020 size=0aea0h ( 44704) map[0m
[0;32mI (104) esp_image: segment 1: paddr=0001aec8 vaddr=3ff80000 size=0001ch (    28) load[0m
[0;32mI (104) esp_image: segment 2: paddr=0001aeec vaddr=3ffb0000 size=02344h (  9028) load[0m
[0;32mI (111) esp_image: segment 3: paddr=0001d238 vaddr=40080000 size=02de0h ( 11744) load[0m
[0;32mI (120) esp_image: segment 4: paddr=00020020 vaddr=400d0020 size=15a64h ( 88676) map[0m
[0;32mI (153) esp_image: segment 5: paddr=00035a8c vaddr=40082de0 size=0b3a8h ( 45992) load[0m
[0;32mI (178) boot: Loaded app from partition at offset 0x10000[0m
[0;32mI (178) boot: Disabling RNG early entropy source...[0m
[0;32mI (189) cpu_start: Multicore app[0m
[0;32mI (198) cpu_start: Pro cpu start user code[0m
[0;32mI (198) cpu_start: cpu freq: 160000000 Hz[0m
[0;32mI (198) app_init: Application information:[0m
[0;32mI (198) app_init: Project name:     example_oledScreen[0m
[0;32mI (203) app_init: App version:      1[0m
[0;32mI (206) app_init: Compile time:     Apr 14 2025 11:08:04[0m
[0;32mI (211) app_init: ELF file SHA256:  e706951af...[0m
[0;32mI (215) app_init: ESP-IDF:          v5.4.1[0m
[0;32mI (219) efuse_init: Min chip rev:     v0.0[0m
[0;32mI (223) efuse_init: Max chip rev:     v3.99 [0m
[0;32mI (227) efuse_init: Chip rev:         v1.0[0m
[0;32mI (231) heap_init: Initializing. RAM available for dynamic allocation:[0m
[0;32mI (237) heap_init: At 3FFAE6E0 len 00001920 (6 KiB): DRAM[0m
[0;32mI (242) heap_init: At 3FFB2C28 len 0002D3D8 (180 KiB): DRAM[0m
[0;32mI (248) heap_init: At 3FFE0440 len 00003AE0 (14 KiB): D/IRAM[0m
[0;32mI (253) heap_init: At 3FFE4350 len 0001BCB0 (111 KiB): D/IRAM[0m
[0;32mI (258) heap_init: At 4008E188 len 00011E78 (71 KiB): IRAM[0m
[0;32mI (265) spi_flash: detected chip: generic[0m
[0;32mI (267) spi_flash: flash io: dio[0m
[0;33mW (270) spi_flash: Detected size(4096k) larger than the size in the binary image header(2048k). Using the size in the binary image header.[0m
[0;33mW (282) i2c: This driver is an old driver, please migrate your application code to adapt `driver/i2c_master.h`[0m
[0;32mI (293) main_task: Started on CPU0[0m
[0;32mI (303) main_task: Calling app_main()[0m
ESP_ERROR_CHECK failed: esp_err_t 0xffffffff (ESP_FAIL) at 0x400d692c
file: "/IDF/components/screenOLED/screenOLED.c" line 69
func: OLEDscreen_init
expression: send_cmd(init_seq[i])

abort() was called at PC 0x400869d3 on core 0


Backtrace: 0x40081a0d:0x3ffb3da0 0x400869dd:0x3ffb3dc0 0x4008ca89:0x3ffb3de0 0x400869d3:0x3ffb3e50 0x400d692c:0x3ffb3e80 0x400d6804:0x3ffb3ee0 0x400e53a4:0x3ffb3f20 0x400873dd:0x3ffb3f50




ELF file SHA256: e706951af

Rebooting...
ets Jun  8 2016 00:22:57

rst:0xc (SW_CPU_RESET),boot:0x13 (SPI_FAST_FLASH_BOOT)
configsip: 0, SPIWP:0xee
clk_drv:0x00,q_drv:0x00,d_drv:0x00,cs0_drv:0x00,hd_drv:0x00,wp_drv:0x00
mode:DIO, clock div:2
load:0x3fff0030,len:6276
load:0x40078000,len:15748
load:0x40080400,len:4
ho 8 tail 4 room 4
load:0x40080404,len:3860
entry 0x4008063c
[0;32mI (30) boot: ESP-IDF v5.4.1 2nd stage bootloader[0m
[0;32mI (31) boot: compile time Apr 14 2025 11:20:41[0m
[0;32mI (31) boot: Multicore bootloader[0m
[0;32mI (32) boot: chip revision: v1.0[0m
[0;32mI (35) boot.esp32: SPI Speed      : 40MHz[0m
[0;32mI (39) boot.esp32: SPI Mode       : DIO[0m
[0;32mI (42) boot.esp32: SPI Flash Size : 2MB[0m
[0;32mI (46) boot: Enabling RNG early entropy source...[0m
[0;32mI (50) boot: Partition Table:[0m
[0;32mI (53) boot: ## Label            Usage          Type ST Offset   Length[0m
[0;32mI (59) boot:  0 nvs              WiFi data        01 02 00009000 00006000[0m
[0;32mI (66) boot:  1 phy_init         RF data          01 01 0000f000 00001000[0m
[0;32mI (72) boot:  2 factory          factory app      00 00 00010000 00100000[0m
[0;32mI (79) boot: End of partition table[0m
[0;32mI (82) esp_image: segment 0: paddr=00010020 vaddr=3f400020 size=0aea0h ( 44704) map[0m
[0;32mI (105) esp_image: segment 1: paddr=0001aec8 vaddr=3ff80000 size=0001ch (    28) load[0m
[0;32mI (105) esp_image: segment 2: paddr=0001aeec vaddr=3ffb0000 size=02344h (  9028) load[0m
[0;32mI (112) esp_image: segment 3: paddr=0001d238 vaddr=40080000 size=02de0h ( 11744) load[0m
[0;32mI (121) esp_image: segment 4: paddr=00020020 vaddr=400d0020 size=15a64h ( 88676) map[0m
[0;32mI (154) esp_image: segment 5: paddr=00035a8c vaddr=40082de0 size=0b3a8h ( 45992) load[0m
[0;32mI (179) boot: Loaded app from partition at offset 0x10000[0m
[0;32mI (179) boot: Disabling RNG early entropy source...[0m
[0;32mI (190) cpu_start: Multicore app[0m
[0;32mI (199) cpu_start: Pro cpu start user code[0m
[0;32mI (199) cpu_start: cpu freq: 160000000 Hz[0m
[0;32mI (199) app_init: Application information:[0m
[0;32mI (199) app_init: Project name:     example_oledScreen[0m
[0;32mI (204) app_init: App version:      1[0m
[0;32mI (207) app_init: Compile time:     Apr 14 2025 11:08:04[0m
[0;32mI (212) app_init: ELF file SHA256:  e706951af...[0m
[0;32mI (216) app_init: ESP-IDF:          v5.4.1[0m
[0;32mI (220) efuse_init: Min chip rev:     v0.0[0m
[0;32mI (224) efuse_init: Max chip rev:     v3.99 [0m
[0;32mI (228) efuse_init: Chip rev:         v1.0[0m
[0;32mI (232) heap_init: Initializing. RAM available for dynamic allocation:[0m
[0;32mI (238) heap_init: At 3FFAE6E0 len 00001920 (6 KiB): DRAM[0m
[0;32mI (243) heap_init: At 3FFB2C28 len 0002D3D8 (180 KiB): DRAM[0m
[0;32mI (249) heap_init: At 3FFE0440 len 00003AE0 (14 KiB): D/IRAM[0m
[0;32mI (254) heap_init: At 3FFE4350 len 0001BCB0 (111 KiB): D/IRAM[0m
[0;32mI (259) heap_init: At 4008E188 len 00011E78 (71 KiB): IRAM[0m
[0;32mI (266) spi_flash: detected chip: generic[0m
[0;32mI (268) spi_flash: flash io: dio[0m
[0;33mW (271) spi_flash: Detected size(4096k) larger than the size in the binary image header(2048k). Using the size in the binary image header.[0m
[0;33mW (283) i2c: This driver is an old driver, please migrate your application code to adapt `driver/i2c_master.h`[0m
[0;32mI (294) main_task: Started on CPU0[0m
[0;32mI (304) main_task: Calling app_main()[0m
ESP_ERROR_CHECK failed: esp_err_t 0xffffffff (ESP_FAIL) at 0x400d692c
file: "/IDF/components/screenOLED/screenOLED.c" line 69
func: OLEDscreen_init
expression: send_cmd(init_seq[i])

abort() was called at PC 0x400869d3 on core 0


Backtrace: 0x40081a0d:0x3ffb3da0 0x400869dd:0x3ffb3dc0 0x4008ca89:0x3ffb3de0 0x400869d3:0x3ffb3e50 0x400d692c:0x3ffb3e80 0x400d6804:0x3ffb3ee0 0x400e53a4:0x3ffb3f20 0x400873dd:0x3ffb3f50




ELF file SHA256: e706951af

Rebooting...
ets Jun  8 2016 00:22:57

rst:0xc (SW_CPU_RESET),boot:0x13 (SPI_FAST_FLASH_BOOT)
configsip: 0, SPIWP:0xee
clk_drv:0x00,q_drv:0x00,d_drv:0x00,cs0_drv:0x00,hd_drv:0x00,wp_drv:0x00
mode:DIO, clock div:2
load:0x3fff0030,len:6276
load:0x40078000,len:15748
load:0x40080400,len:4
ho 8 tail 4 room 4
load:0x40080404,len:3860
entry 0x4008063c
[0;32mI (30) boot: ESP-IDF v5.4.1 2nd stage bootloader[0m
[0;32mI (31) boot: compile time Apr 14 2025 11:20:41[0m
[0;32mI (31) boot: Multicore bootloader[0m
[0;32mI (32) boot: chip revision: v1.0[0m
[0;32mI (35) boot.esp32: SPI Speed      : 40MHz[0m
[0;32mI (39) boot.esp32: SPI Mode       : DIO[0m
[0;32mI (42) boot.esp32: SPI Flash Size : 2MB[0m
[0;32mI (46) boot: Enabling RNG early entropy source...[0m
[0;32mI (50) boot: Partition Table:[0m
[0;32mI (53) boot: ## Label            Usage          Type ST Offset   Length[0m
[0;32mI (59) boot:  0 nvs              WiFi data        01 02 00009000 00006000[0m
[0;32mI (66) boot:  1 phy_init         RF data          01 01 0000f000 00001000[0m
[0;32mI (72) boot:  2 factory          factory app      00 00 00010000 00100000[0m
[0;32mI (79) boot: End of partition table[0m
[0;32mI (82) esp_image: segment 0: paddr=00010020 vaddr=3f400020 size=0aea0h ( 44704) map[0m
[0;32mI (105) esp_image: segment 1: paddr=0001aec8 vaddr=3ff80000 size=0001ch (    28) load[0m
[0;32mI (105) esp_image: segment 2: paddr=0001aeec vaddr=3ffb0000 size=02344h (  9028) load[0m
[0;32mI (112) esp_image: segment 3: paddr=0001d238 vaddr=40080000 size=02de0h ( 11744) load[0m
[0;32mI (121) esp_image: segment 4: paddr=00020020 vaddr=400d0020 size=15a64h ( 88676) map[0m
[0;32mI (154) esp_image: segment 5: paddr=00035a8c vaddr=40082de0 size=0b3a8h ( 45992) load[0m
[0;32mI (179) boot: Loaded app from partition at offset 0x10000[0m
[0;32mI (179) boot: Disabling RNG early entropy source...[0m
[0;32mI (190) cpu_start: Multicore app[0m
[0;32mI (199) cpu_start: Pro cpu start user code[0m
[0;32mI (199) cpu_start: cpu freq: 160000000 Hz[0m
[0;32mI (199) app_init: Application information:[0m
[0;32mI (199) app_init: Project name:     example_oledScreen[0m
[0;32mI (204) app_init: App version:      1[0m
[0;32mI (207) app_init: Compile time:     Apr 14 2025 11:08:04[0m
[0;32mI (212) app_init: ELF file SHA256:  e706951af...[0m
[0;32mI (216) app_init: ESP-IDF:          v5.4.1[0m
[0;32mI (220) efuse_init: Min chip rev:     v0.0[0m
[0;32mI (224) efuse_init: Max chip rev:     v3.99 [0m
[0;32mI (228) efuse_init: Chip rev:         v1.0[0m
[0;32mI (232) heap_init: Initializing. RAM available for dynamic allocation:[0m
[0;32mI (238) heap_init: At 3FFAE6E0 len 00001920 (6 KiB): DRAM[0m
[0;32mI (243) heap_init: At 3FFB2C28 len 0002D3D8 (180 KiB): DRAM[0m
[0;32mI (249) heap_init: At 3FFE0440 len 00003AE0 (14 KiB): D/IRAM[0m
[0;32mI (254) heap_init: At 3FFE4350 len 0001BCB0 (111 KiB): D/IRAM[0m
[0;32mI (259) heap_init: At 4008E188 len 00011E78 (71 KiB): IRAM[0m
[0;32mI (266) spi_flash: detected chip: generic[0m
[0;32mI (268) spi_flash: flash io: dio[0m
[0;33mW (271) spi_flash: Detected size(4096k) larger than the size in the binary image header(2048k). Using the size in the binary image header.[0m
[0;33mW (284) i2c: This driver is an old driver, please migrate your application code to adapt `driver/i2c_master.h`[0m
[0;32mI (294) main_task: Started on CPU0[0m
[0;32mI (304) main_task: Calling app_main()[0m
ESP_ERROR_CHECK failed: esp_err_t 0xffffffff (ESP_FAIL) at 0x400d692c
file: "/IDF/components/screenOLED/screenOLED.c" line 69
func: OLEDscreen_init
expression: send_cmd(init_seq[i])

abort() was called at PC 0x400869d3 on core 0


Backtrace: 0x40081a0d:0x3ffb3da0 0x400869dd:0x3ffb3dc0 0x4008ca89:0x3ffb3de0 0x400869d3:0x3ffb3e50 0x400d692c:0x3ffb3e80 0x400d6804:0x3ffb3ee0 0x400e53a4:0x3ffb3f20 0x400873dd:0x3ffb3f50




ELF file SHA256: e706951af

Rebooting...
ets Jun  8 2016 00:22:57

rst:0xc (SW_CPU_RESET),boot:0x13 (SPI_FAST_FLASH_BOOT)
configsip: 0, SPIWP:0xee
clk_drv:0x00,q_drv:0x00,d_drv:0x00,cs0_drv:0x00,hd_drv:0x00,wp_drv:0x00
mode:DIO, clock div:2
load:0x3fff0030,len:6276
load:0x40078000,len:15748
load:0x40080400,len:4
ho 8 tail 4 room 4
load:0x40080404,len:3860
entry 0x4008063c
[0;32mI (30) boot: ESP-IDF v5.4.1 2nd stage bootloader[0m
[0;32mI (31) boot: compile time Apr 14 2025 11:20:41[0m
[0;32mI (31) boot: Multicore bootloader[0m
[0;32mI (32) boot: chip revision: v1.0[0m
[0;32mI (35) boot.esp32: SPI Speed      : 40MHz[0m
[0;32mI (39) boot.esp32: SPI Mode       : DIO[0m
[0;32mI (42) boot.esp32: SPI Flash Size : 2MB[0m
[0;32mI (46) boot: Enabling RNG early entropy source...[0m
[0;32mI (50) boot: Partition Table:[0m
[0;32mI (53) boot: ## Label            Usage          Type ST Offset   Length[0m
[0;32mI (59) boot:  0 nvs              WiFi data        01 02 00009000 00006000[0m
[0;32mI (66) boot:  1 phy_init         RF data          01 01 0000f000 00001000[0m
[0;32mI (72) boot:  2 factory          factory app      00 00 00010000 00100000[0m
[0;32mI (79) boot: End of partition table[0m
[0;32mI (82) esp_image: segment 0: paddr=00010020 vaddr=3f400020 size=0aea0h ( 44704) map[0m
[0;32mI (105) esp_image: segment 1: paddr=0001aec8 vaddr=3ff80000 size=0001ch (    28) load[0m
[0;32mI (105) esp_image: segment 2: paddr=0001aeec vaddr=3ffb0000 size=02344h (  9028) load[0m
[0;32mI (112) esp_image: segment 3: paddr=0001d238 vaddr=40080000 size=02de0h ( 11744) load[0m
[0;32mI (121) esp_image: segment 4: paddr=00020020 vaddr=400d0020 size=15a64h ( 88676) map[0m
[0;32mI (154) esp_image: segment 5: paddr=00035a8c vaddr=40082de0 size=0b3a8h ( 45992) load[0m
[0;32mI (179) boot: Loaded app from partition at offset 0x10000[0m
[0;32mI (179) boot: Disabling RNG early entropy source...[0m
[0;32mI (190) cpu_start: Multicore app[0m
[0;32mI (199) cpu_start: Pro cpu start user code[0m
[0;32mI (199) cpu_start: cpu freq: 160000000 Hz[0m
[0;32mI (199) app_init: Application information:[0m
[0;32mI (199) app_init: Project name:     example_oledScreen[0m
[0;32mI (204) app_init: App version:      1[0m
[0;32mI (207) app_init: Compile time:     Apr 14 2025 11:08:04[0m
[0;32mI (212) app_init: ELF file SHA256:  e706951af...[0m
[0;32mI (216) app_init: ESP-IDF:          v5.4.1[0m
[0;32mI (220) efuse_init: Min chip rev:     v0.0[0m
[0;32mI (224) efuse_init: Max chip rev:     v3.99 [0m
[0;32mI (228) efuse_init: Chip rev:         v1.0[0m
[0;32mI (232) heap_init: Initializing. RAM available for dynamic allocation:[0m
[0;32mI (238) heap_init: At 3FFAE6E0 len 00001920 (6 KiB): DRAM[0m
[0;32mI (243) heap_init: At 3FFB2C28 len 0002D3D8 (180 KiB): DRAM[0m
[0;32mI (249) heap_init: At 3FFE0440 len 00003AE0 (14 KiB): D/IRAM[0m
[0;32mI (254) heap_init: At 3FFE4350 len 0001BCB0 (111 KiB): D/IRAM[0m
[0;32mI (259) heap_init: At 4008E188 len 00011E78 (71 KiB): IRAM[0m
[0;32mI (266) spi_flash: detected chip: generic[0m
[0;32mI (268) spi_flash: flash io: dio[0m
[0;33mW (271) spi_flash: Detected size(4096k) larger than the size in the binary image header(2048k). Using the size in the binary image header.[0m
[0;33mW (283) i2c: This driver is an old driver, please migrate your application code to adapt `driver/i2c_master.h`[0m
[0;32mI (294) main_task: Started on CPU0[0m
[0;32mI (304) main_task: Calling app_main()[0m
ESP_ERROR_CHECK failed: esp_err_t 0xffffffff (ESP_FAIL) at 0x400d692c
file: "/IDF/components/screenOLED/screenOLED.c" line 69
func: OLEDscreen_init
expression: send_cmd(init_seq[i])

abort() was called at PC 0x400869d3 on core 0


Backtrace: 0x40081a0d:0x3ffb3da0 0x400869dd:0x3ffb3dc0 0x4008ca89:0x3ffb3de0 0x400869d3:0x3ffb3e50 0x400d692c:0x3ffb3e80 0x400d6804:0x3ffb3ee0 0x400e53a4:0x3ffb3f20 0x400873dd:0x3ffb3f50




ELF file SHA256: e706951af

Rebooting...
ets Jun  8 2016 00:22:57

rst:0xc (SW_CPU_RESET),boot:0x13 (SPI_FAST_FLASH_BOOT)
configsip: 0, SPIWP:0xee
clk_drv:0x00,q_drv:0x00,d_drv:0x00,cs0_drv:0x00,hd_drv:0x00,wp_drv:0x00
mode:DIO, clock div:2
load:0x3fff0030,len:6276
load:0x40078000,len:15748
load:0x40080400,len:4
ho 8 tail 4 room 4
load:0x40080404,len:3860
entry 0x4008063c
[0;32mI (30) boot: ESP-IDF v5.4.1 2nd stage bootloader[0m
[0;32mI (31) boot: compile time Apr 14 2025 11:20:41[0m
[0;32mI (31) boot: Multicore bootloader[0m
[0;32mI (32) boot: chip revision: v1.0[0m
[0;32mI (35) boot.esp32: SPI Speed      : 40MHz[0m
[0;32mI (39) boot.esp32: SPI Mode       : DIO[0m
[0;32mI (42) boot.esp32: SPI Flash Size : 2MB[0m
[0;32mI (46) boot: Enabling RNG early entropy source...[0m
[0;32mI (50) boot: Partition Table:[0m
[0;32mI (53) boot: ## Label            Usage          Type ST Offset   Length[0m
[0;32mI (59) boot:  0 nvs              WiFi data        01 02 00009000 00006000[0m
[0;32mI (66) boot:  1 phy_init         RF data          01 01 0000f000 00001000[0m
[0;32mI (72) boot:  2 factory          factory app      00 00 00010000 00100000[0m
[0;32mI (79) boot: End of partition table[0m
[0;32mI (82) esp_image: segment 0: paddr=00010020 vaddr=3f400020 size=0aea0h ( 44704) map[0m
[0;32mI (105) esp_image: segment 1: paddr=0001aec8 vaddr=3ff80000 size=0001ch (    28) load[0m
[0;32mI (105) esp_image: segment 2: paddr=0001aeec vaddr=3ffb0000 size=02344h (  9028) load[0m
[0;32mI (112) esp_image: segment 3: paddr=0001d238 vaddr=40080000 size=02de0h ( 11744) load[0m
[0;32mI (121) esp_image: segment 4: paddr=00020020 vaddr=400d0020 size=15a64h ( 88676) map[0m
[0;32mI (154) esp_image: segment 5: paddr=00035a8c vaddr=40082de0 size=0b3a8h ( 45992) load[0m
[0;32mI (179) boot: Loaded app from partition at offset 0x10000[0m
[0;32mI (179) boot: Disabling RNG early entropy source...[0m
[0;32mI (190) cpu_start: Multicore app[0m
[0;32mI (199) cpu_start: Pro cpu start user code[0m
[0;32mI (199) cpu_start: cpu freq: 160000000 Hz[0m
[0;32mI (199) app_init: Application information:[0m
[0;32mI (199) app_init: Project name:     example_oledScreen[0m
[0;32mI (204) app_init: App version:      1[0m
[0;32mI (207) app_init: Compile time:     Apr 14 2025 11:08:04[0m
[0;32mI (212) app_init: ELF file SHA256:  e706951af...[0m
[0;32mI (216) app_init: ESP-IDF:          v5.4.1[0m
[0;32mI (220) efuse_init: Min chip rev:     v0.0[0m
[0;32mI (224) efuse_init: Max chip rev:     v3.99 [0m
[0;32mI (228) efuse_init: Chip rev:         v1.0[0m
[0;32mI (232) heap_init: Initializing. RAM available for dynamic allocation:[0m
[0;32mI (238) heap_init: At 3FFAE6E0 len 00001920 (6 KiB): DRAM[0m
[0;32mI (243) heap_init: At 3FFB2C28 len 0002D3D8 (180 KiB): DRAM[0m
[0;32mI (249) heap_init: At 3FFE0440 len 00003AE0 (14 KiB): D/IRAM[0m
[0;32mI (254) heap_init: At 3FFE4350 len 0001BCB0 (111 KiB): D/IRAM[0m
[0;32mI (259) heap_init: At 4008E188 len 00011E78 (71 KiB): IRAM[0m
[0;32mI (266) spi_flash: detected chip: generic[0m
[0;32mI (268) spi_flash: flash io: dio[0m
[0;33mW (271) spi_flash: Detected size(4096k) larger than the size in the binary image header(2048k). Using the size in the binary image header.[0m
[0;33mW (283) i2c: This driver is an old driver, please migrate your application code to adapt `driver/i2c_master.h`[0m
[0;32mI (294) main_task: Started on CPU0[0m
[0;32mI (304) main_task: Calling app_main()[0m
ESP_ERROR_CHECK failed: esp_err_t 0xffffffff (ESP_FAIL) at 0x400d692c
file: "/IDF/components/screenOLED/screenOLED.c" line 69
func: OLEDscreen_init
expression: send_cmd(init_seq[i])

abort() was called at PC 0x400869d3 on core 0


Backtrace: 0x40081a0d:0x3ffb3da0 0x400869dd:0x3ffb3dc0 0x4008ca89:0x3ffb3de0 0x400869d3:0x3ffb3e50 0x400d692c:0x3ffb3e80 0x400d6804:0x3ffb3ee0 0x400e53a4:0x3ffb3f20 0x400873dd:0x3ffb3f50




ELF file SHA256: e706951af

Rebooting...
ets Jun  8 2016 00:22:57

rst:0xc (SW_CPU_RESET),boot:0x13 (SPI_FAST_FLASH_BOOT)
configsip: 0, SPIWP:0xee
clk_drv:0x00,q_drv:0x00,d_drv:0x00,cs0_drv:0x00,hd_drv:0x00,wp_drv:0x00
mode:DIO, clock div:2
load:0x3fff0030,len:6276
load:0x40078000,len:15748
load:0x40080400,len:4
ho 8 tail 4 room 4
load:0x40080404,len:3860
entry 0x4008063c
[0;32mI (30) boot: ESP-IDF v5.4.1 2nd stage bootloader[0m
[0;32mI (31) boot: compile time Apr 14 2025 11:20:41[0m
[0;32mI (31) boot: Multicore bootloader[0m
[0;32mI (32) boot: chip revision: v1.0[0m
[0;32mI (35) boot.esp32: SPI Speed      : 40MHz[0m
[0;32mI (39) boot.esp32: SPI Mode       : DIO[0m
[0;32mI (42) boot.esp32: SPI Flash Size : 2MB[0m
[0;32mI (46) boot: Enabling RNG early entropy source...[0m
[0;32mI (50) boot: Partition Table:[0m
[0;32mI (53) boot: ## Label            Usage          Type ST Offset   Length[0m
[0;32mI (59) boot:  0 nvs              WiFi data        01 02 00009000 00006000[0m
[0;32mI (66) boot:  1 phy_init         RF data          01 01 0000f000 00001000[0m
[0;32mI (72) boot:  2 factory          factory app      00 00 00010000 00100000[0m
[0;32mI (79) boot: End of partition table[0m
[0;32mI (82) esp_image: segment 0: paddr=00010020 vaddr=3f400020 size=0aea0h ( 44704) map[0m
[0;32mI (105) esp_image: segment 1: paddr=0001aec8 vaddr=3ff80000 size=0001ch (    28) load[0m
[0;32mI (105) esp_image: segment 2: paddr=0001aeec vaddr=3ffb0000 size=02344h (  9028) load[0m
[0;32mI (112) esp_image: segment 3: paddr=0001d238 vaddr=40080000 size=02de0h ( 11744) load[0m
[0;32mI (121) esp_image: segment 4: paddr=00020020 vaddr=400d0020 size=15a64h ( 88676) map[0m
[0;32mI (154) esp_image: segment 5: paddr=00035a8c vaddr=40082de0 size=0b3a8h ( 45992) load[0m
[0;32mI (179) boot: Loaded app from partition at offset 0x10000[0m
[0;32mI (179) boot: Disabling RNG early entropy source...[0m
[0;32mI (190) cpu_start: Multicore app[0m
[0;32mI (199) cpu_start: Pro cpu start user code[0m
[0;32mI (199) cpu_start: cpu freq: 160000000 Hz[0m
[0;32mI (199) app_init: Application information:[0m
[0;32mI (199) app_init: Project name:     example_oledScreen[0m
[0;32mI (204) app_init: App version:      1[0m
[0;32mI (207) app_init: Compile time:     Apr 14 2025 11:08:04[0m
[0;32mI (212) app_init: ELF file SHA256:  e706951af...[0m
[0;32mI (216) app_init: ESP-IDF:          v5.4.1[0m
[0;32mI (220) efuse_init: Min chip rev:     v0.0[0m
[0;32mI (224) efuse_init: Max chip rev:     v3.99 [0m
[0;32mI (228) efuse_init: Chip rev:         v1.0[0m
[0;32mI (232) heap_init: Initializing. RAM available for dynamic allocation:[0m
[0;32mI (238) heap_init: At 3FFAE6E0 len 00001920 (6 KiB): DRAM[0m
[0;32mI (243) heap_init: At 3FFB2C28 len 0002D3D8 (180 KiB): DRAM[0m
[0;32mI (249) heap_init: At 3FFE0440 len 00003AE0 (14 KiB): D/IRAM[0m
[0;32mI (254) heap_init: At 3FFE4350 len 0001BCB0 (111 KiB): D/IRAM[0m
[0;32mI (260) heap_init: At 4008E188 len 00011E78 (71 KiB): IRAM[0m
[0;32mI (266) spi_flash: detected chip: generic[0m
[0;32mI (268) spi_flash: flash io: dio[0m
[0;33mW (271) spi_flash: Detected size(4096k) larger than the size in the binary image header(2048k). Using the size in the binary image header.[0m
[0;33mW (284) i2c: This driver is an old driver, please migrate your application code to adapt `driver/i2c_master.h`[0m
[0;32mI (294) main_task: Started on CPU0[0m
[0;32mI (304) main_task: Calling app_main()[0m
ESP_ERROR_CHECK failed: esp_err_t 0xffffffff (ESP_FAIL) at 0x400d692c
file: "/IDF/components/screenOLED/screenOLED.c" line 69
func: OLEDscreen_init
expression: send_cmd(init_seq[i])

abort() was called at PC 0x400869d3 on core 0


Backtrace: 0x40081a0d:0x3ffb3da0 0x4
00869dd:0x3ffb3dc0 0x4008ca89:0x
3ffb3de0 0x400869d3:0x3ffb3e50 0
x400d692c:0x3ffb3e80 0x400d6804:
0x3ffb3ee0 0x400e53a4:0x3ffb3f20
 0x400873dd:0x3ffb3f50




ELF file SHA256: e706951af

Rebooting...
ets Jun  8 2016 00:22:57

rst:0xc (SW_CPU_RESET),boot:0x13 (SPI_FAST_FLASH_BOOT)
configsip: 0, SPIWP:0xee
clk_drv:0x00,q_drv:0x00,d_drv:0x00,cs0_drv:0x00,hd_drv:0x00,wp_drv:0x00
mode:DIO, clock div:2
load:0x3fff0030,len:6276
load:0x40078000,len:15748
load:0x40080400,len:4
ho 8 tail 4 room 4
load:0x40080404,len:3860
entry 0x4008063c
[0;32mI (30) boot: ESP-IDF v5.4.1 2nd stage bootloader[0m
[0;32mI (31) boot: compile time Apr 14 2025 11:20:41[0m
[0;32mI (31) boot: Multicore bootloader[0m
[0;32mI (32) boot: chip revision: v1.0[0m
[0;32mI (35) boot.esp32: SPI Speed      : 40MHz[0m
[0;32mI (39) boot.esp32: SPI Mode       : DIO[0m
[0;32mI (42) boot.esp32: SPI Flash Size : 2MB[0m
[0;32mI (46) boot: Enabling RNG early entropy source...[0m
[0;32mI (50) boot: Partition Table:[0m
[0;32mI (53) boot: ## Label            Usage          Type ST Offset   Length[0m
[0;32mI (59) boot:  0 nvs              WiFi data        01 02 00009000 00006000[0m
[0;32mI (66) boot:  1 phy_init         RF data          01 01 0000f000 00001000[0m
[0;32mI (72) boot:  2 factory          factory app      00 00 00010000 00100000[0m
[0;32mI (79) boot: End of partition table[0m
[0;32mI (82) esp_image: segment 0: paddr=00010020 vaddr=3f400020 size=0aea0h ( 44704) map[0m
[0;32mI (105) esp_image: segment 1: paddr=0001aec8 vaddr=3ff80000 size=0001ch (    28) load[0m
[0;32mI (105) esp_image: segment 2: paddr=0001aeec vaddr=3ffb0000 size=02344h (  9028) load[0m
[0;32mI (112) esp_image: segment 3: paddr=0001d238 vaddr=40080000 size=02de0h ( 11744) load[0m
[0;32mI (121) esp_image: segment 4: paddr=00020020 vaddr=400d0020 size=15a64h ( 88676) map[0m
[0;32mI (154) esp_image: segment 5: paddr=00035a8c vaddr=40082de0 size=0b3a8h ( 45992) load[0m
[0;32mI (179) boot: Loaded app from partition at offset 0x10000[0m
[0;32mI (179) boot: Disabling RNG early entropy source...[0m
[0;32mI (190) cpu_start: Multicore app[0m
[0;32mI (199) cpu_start: Pro cpu start user code[0m
[0;32mI (199) cpu_start: cpu freq: 160000000 Hz[0m
[0;32mI (199) app_init: Application information:[0m
[0;32mI (199) app_init: Project name:     example_oledScreen[0m
[0;32mI (204) app_init: App version:      1[0m
[0;32mI (207) app_init: Compile time:     Apr 14 2025 11:08:04[0m
[0;32mI (212) app_init: ELF file SHA256:  e706951af...[0m
[0;32mI (216) app_init: ESP-IDF:          v5.4.1[0m
[0;32mI (220) efuse_init: Min chip rev:     v0.0[0m
[0;32mI (224) efuse_init: Max chip rev:     v3.99 [0m
[0;32mI (228) efuse_init: Chip rev:         v1.0[0m
[0;32mI (232) heap_init: Initializing. RAM available for dynamic allocation:[0m
[0;32mI (238) heap_init: At 3FFAE6E0 len 00001920 (6 KiB): DRAM[0m
[0;32mI (243) heap_init: At 3FFB2C28 len 0002D3D8 (180 KiB): DRAM[0m
[0;32mI (249) heap_init: At 3FFE0440 len 00003AE0 (14 KiB): D/IRAM[0m
[0;32mI (254) heap_init: At 3FFE4350 len 0001BCB0 (111 KiB): D/IRAM[0m
[0;32mI (259) heap_init: At 4008E188 len 00011E78 (71 KiB): IRAM[0m
[0;32mI (266) spi_flash: detected chip: generic[0m
[0;32mI (268) spi_flash: flash io: dio[0m
[0;33mW (271) spi_flash: Detected size(4096k) larger than the size in the binary image header(2048k). Using the size in the binary image header.[0m
[0;33mW (284) i2c: This driver is an old driver, please migrate your application code to adapt `driver/i2c_master.h`[0m
[0;32mI (294) main_task: Started on CPU0[0m
[0;32mI (304) main_task: Calling app_main()[0m
ESP_ERROR_CHECK failed: esp_err_t 0xffffffff (ESP_FAIL) at 0x400d692c
file: "/IDF/components/screenOLED/screenOLED.c" line 69
func: OLEDscreen_init
expression: send_cmd(init_seq[i])

abort() was called at PC 0x400869d3 on core 0


Backtrace: 0x40081a0d:0x3ffb3da0 0x400869dd:0x3ffb3dc0 0x4008ca89:0x3ffb3de0 0x400869d3:0x3ffb3e50 0x400d692c:0x3ffb3e80 0x400d6804:0x3ffb3ee0 0x400e53a4:0x3ffb3f20 0x400873dd:0x3ffb3f50




ELF file SHA256: e706951af

Rebooting...
ets Jun  8 2016 00:22:57

rst:0xc (SW_CPU_RESET),boot:0x13 (SPI_FAST_FLASH_BOOT)
configsip: 0, SPIWP:0xee
clk_drv:0x00,q_drv:0x00,d_drv:0x00,cs0_drv:0x00,hd_drv:0x00,wp_drv:0x00
mode:DIO, clock div:2
load:0x3fff0030,len:6276
load:0x40078000,len:15748
load:0x40080400,len:4
ho 8 tail 4 room 4
load:0x40080404,len:3860
entry 0x4008063c
[0;32mI (30) boot: ESP-IDF v5.4.1 2nd stage bootloader[0m
[0;32mI (31) boot: compile time Apr 14 2025 11:20:41[0m
[0;32mI (31) boot: Multicore bootloader[0m
[0;32mI (32) boot: chip revision: v1.0[0m
[0;32mI (35) boot.esp32: SPI Speed      : 40MHz[0m
[0;32mI (39) boot.esp32: SPI Mode       : DIO[0m
[0;32mI (42) boot.esp32: SPI Flash Size : 2MB[0m
[0;32mI (46) boot: Enabling RNG early entropy source...[0m
[0;32mI (50) boot: Partition Table:[0m
[0;32mI (53) boot: ## Label            Usage          Type ST Offset   Length[0m
[0;32mI (59) boot:  0 nvs              WiFi data        01 02 00009000 00006000[0m
[0;32mI (66) boot:  1 phy_init         RF data          01 01 0000f000 00001000[0m
[0;32mI (72) boot:  2 factory          factory app      00 00 00010000 00100000[0m
[0;32mI (79) boot: End of partition table[0m
[0;32mI (82) esp_image: segment 0: paddr=00010020 vaddr=3f400020 size=0aea0h ( 44704) map[0m
[0;32mI (105) esp_image: segment 1: paddr=0001aec8 vaddr=3ff80000 size=0001ch (    28) load[0m
[0;32mI (105) esp_image: segment 2: paddr=0001aeec vaddr=3ffb0000 size=02344h (  9028) load[0m
[0;32mI (112) esp_image: segment 3: paddr=0001d238 vaddr=40080000 size=02de0h ( 11744) load[0m
[0;32mI (121) esp_image: segment 4: paddr=00020020 vaddr=400d0020 size=15a64h ( 88676) map[0m
[0;32mI (154) esp_image: segment 5: paddr=00035a8c vaddr=40082de0 size=0b3a8h ( 45992) load[0m
[0;32mI (179) boot: Loaded app from partition at offset 0x10000[0m
[0;32mI (179) boot: Disabling RNG early entropy source...[0m
[0;32mI (190) cpu_start: Multicore app[0m
[0;32mI (199) cpu_start: Pro cpu start user code[0m
[0;32mI (199) cpu_start: cpu freq: 160000000 Hz[0m
[0;32mI (199) app_init: Application information:[0m
[0;32mI (199) app_init: Project name:     example_oledScreen[0m
[0;32mI (204) app_init: App version:      1[0m
[0;32mI (207) app_init: Compile time:     Apr 14 2025 11:08:04[0m
[0;32mI (212) app_init: ELF file SHA256:  e706951af...[0m
[0;32mI (216) app_init: ESP-IDF:          v5.4.1[0m
[0;32mI (220) efuse_init: Min chip rev:     v0.0[0m
[0;32mI (224) efuse_init: Max chip rev:     v3.99 [0m
[0;32mI (228) efuse_init: Chip rev:         v1.0[0m
[0;32mI (232) heap_init: Initializing. RAM available for dynamic allocation:[0m
[0;32mI (238) heap_init: At 3FFAE6E0 len 00001920 (6 KiB): DRAM[0m
[0;32mI (243) heap_init: At 3FFB2C28 len 0002D3D8 (180 KiB): DRAM[0m
[0;32mI (249) heap_init: At 3FFE0440 len 00003AE0 (14 KiB): D/IRAM[0m
[0;32mI (254) heap_init: At 3FFE4350 len 0001BCB0 (111 KiB): D/IRAM[0m
[0;32mI (260) heap_init: At 4008E188 len 00011E78 (71 KiB): IRAM[0m
[0;32mI (266) spi_flash: detected chip: generic[0m
[0;32mI (268) spi_flash: flash io: dio[0m
[0;33mW (271) spi_flash: Detected size(4096k) larger than the size in the binary image header(2048k). Using the size in the binary image header.[0m
[0;33mW (284) i2c: This driver is an old driver, please migrate your application code to adapt `driver/i2c_master.h`[0m
[0;32mI (294) main_task: Started on CPU0[0m
[0;32mI (304) main_task: Calling app_main()[0m
ESP_ERROR_CHECK failed: esp_err_t 0xffffffff (ESP_FAIL) at 0x400d692c
file: "/IDF/components/screenOLED/screenOLED.c" line 69
func: OLEDscreen_init
expression: send_cmd(init_seq[i])

abort() was called at PC 0x400869d3 on core 0


Backtrace: 0x40081a0d:0x3ffb3da0 0x400869dd:0x3ffb3dc0 0x4008ca89:0x3ffb3de0 0x400869d3:0x3ffb3e50 0x400d692c:0x3ffb3e80 0x400d6804:0x3ffb3ee0 0x400e53a4:0x3ffb3f20 0x400873dd:0x3ffb3f50




ELF file SHA256: e706951af

Rebooting...
ets Jun  8 2016 00:22:57

rst:0xc (SW_CPU_RESET),boot:0x13 (SPI_FAST_FLASH_BOOT)
configsip: 0, SPIWP:0xee
clk_drv:0x00,q_drv:0x00,d_drv:0x00,cs0_drv:0x00,hd_drv:0x00,wp_drv:0x00
mode:DIO, clock div:2
load:0x3fff0030,len:6276
load:0x40078000,len:15748
load:0x40080400,len:4
ho 8 tail 4 room 4
load:0x40080404,len:3860
entry 0x4008063c
[0;32mI (30) boot: ESP-IDF v5.4.1 2nd stage bootloader[0m
[0;32mI (31) boot: compile time Apr 14 2025 11:20:41[0m
[0;32mI (31) boot: Multicore bootloader[0m
[0;32mI (32) boot: chip revision: v1.0[0m
[0;32mI (35) boot.esp32: SPI Speed      : 40MHz[0m
[0;32mI (39) boot.esp32: SPI Mode       : DIO[0m
[0;32mI (42) boot.esp32: SPI Flash Size : 2MB[0m
[0;32mI (46) boot: Enabling RNG early entropy source...[0m
[0;32mI (50) boot: Partition Table:[0m
[0;32mI (53) boot: ## Label            Usage          Type ST Offset   Length[0m
[0;32mI (59) boot:  0 nvs              WiFi data        01 02 00009000 00006000[0m
[0;32mI (66) boot:  1 phy_init         RF data          01 01 0000f000 00001000[0m
[0;32mI (72) boot:  2 factory          factory app      00 00 00010000 00100000[0m
[0;32mI (79) boot: End of partition table[0m
[0;32mI (82) esp_image: segment 0: paddr=00010020 vaddr=3f400020 size=0aea0h ( 44704) map[0m
[0;32mI (105) esp_image: segment 1: paddr=0001aec8 vaddr=3ff80000 size=0001ch (    28) load[0m
[0;32mI (105) esp_image: segment 2: paddr=0001aeec vaddr=3ffb0000 size=02344h (  9028) load[0m
[0;32mI (112) esp_image: segment 3: paddr=0001d238 vaddr=40080000 size=02de0h ( 11744) load[0m
[0;32mI (121) esp_image: segment 4: paddr=00020020 vaddr=400d0020 size=15a64h ( 88676) map[0m
[0;32mI (154) esp_image: segment 5: paddr=00035a8c vaddr=40082de0 size=0b3a8h ( 45992) load[0m
[0;32mI (179) boot: Loaded app from partition at offset 0x10000[0m
[0;32mI (179) boot: Disabling RNG early entropy source...[0m
[0;32mI (190) cpu_start: Multicore app[0m
[0;32mI (199) cpu_start: Pro cpu start user code[0m
[0;32mI (199) cpu_start: cpu freq: 160000000 Hz[0m
[0;32mI (199) app_init: Application information:[0m
[0;32mI (199) app_init: Project name:     example_oledScreen[0m
[0;32mI (204) app_init: App version:      1[0m
[0;32mI (207) app_init: Compile time:     Apr 14 2025 11:08:04[0m
[0;32mI (212) app_init: ELF file SHA256:  e706951af...[0m
[0;32mI (216) app_init: ESP-IDF:          v5.4.1[0m
[0;32mI (220) efuse_init: Min chip rev:     v0.0[0m
[0;32mI (224) efuse_init: Max chip rev:     v3.99 [0m
[0;32mI (228) efuse_init: Chip rev:         v1.0[0m
[0;32mI (232) heap_init: Initializing. RAM available for dynamic allocation:[0m
[0;32mI (238) heap_init: At 3FFAE6E0 len 00001920 (6 KiB): DRAM[0m
[0;32mI (243) heap_init: At 3FFB2C28 len 0002D3D8 (180 KiB): DRAM[0m
[0;32mI (249) heap_init: At 3FFE0440 len 00003AE0 (14 KiB): D/IRAM[0m
[0;32mI (254) heap_init: At 3FFE4350 len 0001BCB0 (111 KiB): D/IRAM[0m
[0;32mI (259) heap_init: At 4008E188 len 00011E78 (71 KiB): IRAM[0m
[0;32mI (266) spi_flash: detected chip: generic[0m
[0;32mI (268) spi_flash: flash io: dio[0m
[0;33mW (271) spi_flash: Detected size(4096k) larger than the size in the binary image header(2048k). Using the size in the binary image header.[0m
[0;33mW (283) i2c: This driver is an old driver, please migrate your application code to adapt `driver/i2c_master.h`[0m
[0;32mI (294) main_task: Started on CPU0[0m
[0;32mI (304) main_task: Calling app_main()[0m
ESP_ERROR_CHECK failed: esp_err_t 0xffffffff (ESP_FAIL) at 0x400d692c
file: "/IDF/components/screenOLED/screenOLED.c" line 69
func: OLEDscreen_init
expression: send_cmd(init_seq[i])

abort() was called at PC 0x400869d3 on core 0


Backtrace: 0x40081a0d:0x3ffb3da0 0x400869dd:0x3ffb3dc0 0x4008ca89:0x3ffb3de0 0x400869d3:0x3ffb3e50 0x400d692c:0x3ffb3e80 0x400d6804:0x3ffb3ee0 0x400e53a4:0x3ffb3f20 0x400873dd:0x3ffb3f50




ELF file SHA256: e706951af

Rebooting...
ets Jun  8 2016 00:22:57

rst:0xc (SW_CPU_RESET),boot:0x13 (SPI_FAST_FLASH_BOOT)
configsip: 0, SPIWP:0xee
clk_drv:0x00,q_drv:0x00,d_drv:0x00,cs0_drv:0x00,hd_drv:0x00,wp_drv:0x00
mode:DIO, clock div:2
load:0x3fff0030,len:6276
load:0x40078000,len:15748
load:0x40080400,len:4
ho 8 tail 4 room 4
load:0x40080404,len:3860
entry 0x4008063c
[0;32mI (30) boot: ESP-IDF v5.4.1 2nd stage bootloader[0m
[0;32mI (31) boot: compile time Apr 14 2025 11:20:41[0m
[0;32mI (31) boot: Multicore bootloader[0m
[0;32mI (32) boot: chip revision: v1.0[0m
[0;32mI (35) boot.esp32: SPI Speed      : 40MHz[0m
[0;32mI (39) boot.esp32: SPI Mode       : DIO[0m
[0;32mI (42) boot.esp32: SPI Flash Size : 2MB[0m
[0;32mI (46) boot: Enabling RNG early entropy source...[0m
[0;32mI (50) boot: Partition Table:[0m
[0;32mI (53) boot: ## Label            Usage          Type ST Offset   Length[0m
[0;32mI (59) boot:  0 nvs              WiFi data        01 02 00009000 00006000[0m
[0;32mI (66) boot:  1 phy_init         RF data          01 01 0000f000 00001000[0m
[0;32mI (72) boot:  2 factory          factory app      00 00 00010000 00100000[0m
[0;32mI (79) boot: End of partition table[0m
[0;32mI (82) esp_image: segment 0: paddr=00010020 vaddr=3f400020 size=0aea0h ( 44704) map[0m
[0;32mI (105) esp_image: segment 1: paddr=0001aec8 vaddr=3ff80000 size=0001ch (    28) load[0m
[0;32mI (105) esp_image: segment 2: paddr=0001aeec vaddr=3ffb0000 size=02344h (  9028) load[0m
[0;32mI (112) esp_image: segment 3: paddr=0001d238 vaddr=40080000 size=02de0h ( 11744) load[0m
[0;32mI (121) esp_image: segment 4: paddr=00020020 vaddr=400d0020 size=15a64h ( 88676) map[0m
[0;32mI (154) esp_image: segment 5: paddr=00035a8c vaddr=40082de0 size=0b3a8h ( 45992) load[0m
[0;32mI (179) boot: Loaded app from partition at offset 0x10000[0m
[0;32mI (179) boot: Disabling RNG early entropy source...[0m
[0;32mI (190) cpu_start: Multicore app[0m
[0;32mI (199) cpu_start: Pro cpu start user code[0m
[0;32mI (199) cpu_start: cpu freq: 160000000 Hz[0m
[0;32mI (199) app_init: Application information:[0m
[0;32mI (199) app_init: Project name:     example_oledScreen[0m
[0;32mI (204) app_init: App version:      1[0m
[0;32mI (207) app_init: Compile time:     Apr 14 2025 11:08:04[0m
[0;32mI (212) app_init: ELF file SHA256:  e706951af...[0m
[0;32mI (216) app_init: ESP-IDF:          v5.4.1[0m
[0;32mI (220) efuse_init: Min chip rev:     v0.0[0m
[0;32mI (224) efuse_init: Max chip rev:     v3.99 [0m
[0;32mI (228) efuse_init: Chip rev:         v1.0[0m
[0;32mI (232) heap_init: Initializing. RAM available for dynamic allocation:[0m
[0;32mI (238) heap_init: At 3FFAE6E0 len 00001920 (6 KiB): DRAM[0m
[0;32mI (243) heap_init: At 3FFB2C28 len 0002D3D8 (180 KiB): DRAM[0m
[0;32mI (249) heap_init: At 3FFE0440 len 00003AE0 (14 KiB): D/IRAM[0m
[0;32mI (254) heap_init: At 3FFE4350 len 0001BCB0 (111 KiB): D/IRAM[0m
[0;32mI (259) heap_init: At 4008E188 len 00011E78 (71 KiB): IRAM[0m
[0;32mI (266) spi_flash: detected chip: generic[0m
[0;32mI (268) spi_flash: flash io: dio[0m
[0;33mW (271) spi_flash: Detected size(4096k) larger than the size in the binary image header(2048k). Using the size in the binary image header.[0m
[0;33mW (284) i2c: This driver is an old driver, please migrate your application code to adapt `driver/i2c_master.h`[0m
[0;32mI (294) main_task: Started on CPU0[0m
[0;32mI (304) main_task: Calling app_main()[0m
ESP_ERROR_CHECK failed: esp_err_t 0xffffffff (ESP_FAIL) at 0x400d692c
file: "/IDF/components/screenOLED/screenOLED.c" line 69
func: OLEDscreen_init
expression: send_cmd(init_seq[i])

abort() was called at PC 0x400869d3 on core 0


Backtrace: 0x40081a0d:0x3ffb3da0 0x400869dd:0x3ffb3dc0 0x4008ca89:0x3ffb3de0 0x400869d3:0x3ffb3e50 0x400d692c:0x3ffb3e80 0x400d6804:0x3ffb3ee0 0x400e53a4:0x3ffb3f20 0x400873dd:0x3ffb3f50




ELF file SHA256: e706951af

Rebooting...
ets Jun  8 2016 00:22:57

rst:0xc (SW_CPU_RESET),boot:0x13 (SPI_FAST_FLASH_BOOT)
configsip: 0, SPIWP:0xee
clk_drv:0x00,q_drv:0x00,d_drv:0x00,cs0_drv:0x00,hd_drv:0x00,wp_drv:0x00
mode:DIO, clock div:2
load:0x3fff0030,len:6276
load:0x40078000,len:15748
load:0x40080400,len:4
ho 8 tail 4 room 4
load:0x40080404,len:3860
entry 0x4008063c
[0;32mI (30) boot: ESP-IDF v5.4.1 2nd stage bootloader[0m
[0;32mI (31) boot: compile time Apr 14 2025 11:20:41[0m
[0;32mI (31) boot: Multicore bootloader[0m
[0;32mI (32) boot: chip revision: v1.0[0m
[0;32mI (35) boot.esp32: SPI Speed      : 40MHz[0m
[0;32mI (39) boot.esp32: SPI Mode       : DIO[0m
[0;32mI (42) boot.esp32: SPI Flash Size : 2MB[0m
[0;32mI (46) boot: Enabling RNG early entropy source...[0m
[0;32mI (50) boot: Partition Table:[0m
[0;32mI (53) boot: ## Label            Usage          Type ST Offset   Length[0m
[0;32mI (59) boot:  0 nvs              WiFi data        01 02 00009000 00006000[0m
[0;32mI (66) boot:  1 phy_init         RF data          01 01 0000f000 00001000[0m
[0;32mI (72) boot:  2 factory          factory app      00 00 00010000 00100000[0m
[0;32mI (79) boot: End of partition table[0m
[0;32mI (82) esp_image: segment 0: paddr=00010020 vaddr=3f400020 size=0aea0h ( 44704) map[0m
[0;32mI (105) esp_image: segment 1: paddr=0001aec8 vaddr=3ff80000 size=0001ch (    28) load[0m
[0;32mI (105) esp_image: segment 2: paddr=0001aeec vaddr=3ffb0000 size=02344h (  9028) load[0m
[0;32mI (112) esp_image: segment 3: paddr=0001d238 vaddr=40080000 size=02de0h ( 11744) load[0m
[0;32mI (121) esp_image: segment 4: paddr=00020020 vaddr=400d0020 size=15a64h ( 88676) map[0m
[0;32mI (154) esp_image: segment 5: paddr=00035a8c vaddr=40082de0 size=0b3a8h ( 45992) load[0m
[0;32mI (179) boot: Loaded app from partition at offset 0x10000[0m
[0;32mI (179) boot: Disabling RNG early entropy source...[0m
[0;32mI (190) cpu_start: Multicore app[0m
[0;32mI (199) cpu_start: Pro cpu start user code[0m
[0;32mI (199) cpu_start: cpu freq: 160000000 Hz[0m
[0;32mI (199) app_init: Application information:[0m
[0;32mI (199) app_init: Project name:     example_oledScreen[0m
[0;32mI (204) app_init: App version:      1[0m
[0;32mI (207) app_init: Compile time:     Apr 14 2025 11:08:04[0m
[0;32mI (212) app_init: ELF file SHA256:  e706951af...[0m
[0;32mI (216) app_init: ESP-IDF:          v5.4.1[0m
[0;32mI (220) efuse_init: Min chip rev:     v0.0[0m
[0;32mI (224) efuse_init: Max chip rev:     v3.99 [0m
[0;32mI (228) efuse_init: Chip rev:         v1.0[0m
[0;32mI (232) heap_init: Initializing. RAM available for dynamic allocation:[0m
[0;32mI (238) heap_init: At 3FFAE6E0 len 00001920 (6 KiB): DRAM[0m
[0;32mI (243) heap_init: At 3FFB2C28 len 0002D3D8 (180 KiB): DRAM[0m
[0;32mI (249) heap_init: At 3FFE0440 len 00003AE0 (14 KiB): D/IRAM[0m
[0;32mI (254) heap_init: At 3FFE4350 len 0001BCB0 (111 KiB): D/IRAM[0m
[0;32mI (259) heap_init: At 4008E188 len 00011E78 (71 KiB): IRAM[0m
[0;32mI (266) spi_flash: detected chip: generic[0m
[0;32mI (268) spi_flash: flash io: dio[0m
[0;33mW (271) spi_flash: Detected size(4096k) larger than the size in the binary image header(2048k). Using the size in the binary image header.[0m
[0;33mW (283) i2c: This driver is an old driver, please migrate your application code to adapt `driver/i2c_master.h`[0m
[0;32mI (294) main_task: Started on CPU0[0m
[0;32mI (304) main_task: Calling app_main()[0m
ESP_ERROR_CHECK failed: esp_err_t 0xffffffff (ESP_FAIL) at 0x400d692c
file: "/IDF/components/screenOLED/screenOLED.c" line 69
func: OLEDscreen_init
expression: send_cmd(init_seq[i])

abort() was called at PC 0x400869d3 on core 0


Backtrace: 0x40081a0d:0x3ffb3da0 0x400869dd:0x3ffb3dc0 0x4008ca89:0x3ffb3de0 0x400869d3:0x3ffb3e50 0x400d692c:0x3ffb3e80 0x400d6804:0x3ffb3ee0 0x400e53a4:0x3ffb3f20 0x400873dd:0x3ffb3f50




ELF file SHA256: e706951af

Rebooting...
ets Jun  8 2016 00:22:57

rst:0xc (SW_CPU_RESET),boot:0x13 (SPI_FAST_FLASH_BOOT)
configsip: 0, SPIWP:0xee
clk_drv:0x00,q_drv:0x00,d_drv:0x00,cs0_drv:0x00,hd_drv:0x00,wp_drv:0x00
mode:DIO, clock div:2
load:0x3fff0030,len:6276
load:0x40078000,len:15748
load:0x40080400,len:4
ho 8 tail 4 room 4
load:0x40080404,len:3860
entry 0x4008063c
[0;32mI (30) boot: ESP-IDF v5.4.1 2nd stage bootloader[0m
[0;32mI (31) boot: compile time Apr 14 2025 11:20:41[0m
[0;32mI (31) boot: Multicore bootloader[0m
[0;32mI (32) boot: chip revision: v1.0[0m
[0;32mI (35) boot.esp32: SPI Speed      : 40MHz[0m
[0;32mI (39) boot.esp32: SPI Mode       : DIO[0m
[0;32mI (42) boot.esp32: SPI Flash Size : 2MB[0m
[0;32mI (46) boot: Enabling RNG early entropy source...[0m
[0;32mI (50) boot: Partition Table:[0m
[0;32mI (53) boot: ## Label            Usage          Type ST Offset   Length[0m
[0;32mI (59) boot:  0 nvs              WiFi data        01 02 00009000 00006000[0m
[0;32mI (66) boot:  1 phy_init         RF data          01 01 0000f000 00001000[0m
[0;32mI (72) boot:  2 factory          factory app      00 00 00010000 00100000[0m
[0;32mI (79) boot: End of partition table[0m
[0;32mI (82) esp_image: segment 0: paddr=00010020 vaddr=3f400020 size=0aea0h ( 44704) map[0m
[0;32mI (105) esp_image: segment 1: paddr=0001aec8 vaddr=3ff80000 size=0001ch (    28) load[0m
[0;32mI (105) esp_image: segment 2: paddr=0001aeec vaddr=3ffb0000 size=02344h (  9028) load[0m
[0;32mI (112) esp_image: segment 3: paddr=0001d238 vaddr=40080000 size=02de0h ( 11744) load[0m
[0;32mI (121) esp_image: segment 4: paddr=00020020 vaddr=400d0020 size=15a64h ( 88676) map[0m
[0;32mI (154) esp_image: segment 5: paddr=00035a8c vaddr=40082de0 size=0b3a8h ( 45992) load[0m
[0;32mI (179) boot: Loaded app from partition at offset 0x10000[0m
[0;32mI (179) boot: Disabling RNG early entropy source...[0m
[0;32mI (190) cpu_start: Multicore app[0m
[0;32mI (199) cpu_start: Pro cpu start user code[0m
[0;32mI (199) cpu_start: cpu freq: 160000000 Hz[0m
[0;32mI (199) app_init: Application information:[0m
[0;32mI (199) app_init: Project name:     example_oledScreen[0m
[0;32mI (204) app_init: App version:      1[0m
[0;32mI (207) app_init: Compile time:     Apr 14 2025 11:08:04[0m
[0;32mI (212) app_init: ELF file SHA256:  e706951af...[0m
[0;32mI (216) app_init: ESP-IDF:          v5.4.1[0m
[0;32mI (220) efuse_init: Min chip rev:     v0.0[0m
[0;32mI (224) efuse_init: Max chip rev:     v3.99 [0m
[0;32mI (228) efuse_init: Chip rev:         v1.0[0m
[0;32mI (232) heap_init: Initializing. RAM available for dynamic allocation:[0m
[0;32mI (238) heap_init: At 3FFAE6E0 len 00001920 (6 KiB): DRAM[0m
[0;32mI (243) heap_init: At 3FFB2C28 len 0002D3D8 (180 KiB): DRAM[0m
[0;32mI (249) heap_init: At 3FFE0440 len 00003AE0 (14 KiB): D/IRAM[0m
[0;32mI (254) heap_init: At 3FFE4350 len 0001BCB0 (111 KiB): D/IRAM[0m
[0;32mI (259) heap_init: At 4008E188 len 00011E78 (71 KiB): IRAM[0m
[0;32mI (266) spi_flash: detected chip: generic[0m
[0;32mI (268) spi_flash: flash io: dio[0m
[0;33mW (271) spi_flash: Detected size(4096k) larger than the size in the binary image header(2048k). Using the size in the binary image header.[0m
[0;33mW (284) i2c: This driver is an old driver, please migrate your application code to adapt `driver/i2c_master.h`[0m
[0;32mI (294) main_task: Started on CPU0[0m
[0;32mI (304) main_task: Calling app_main()[0m
ESP_ERROR_CHECK failed: esp_err_t 0xffffffff (ESP_FAIL) at 0x400d692c
file: "/IDF/components/screenOLED/screenOLED.c" line 69
func: OLEDscreen_init
expression: send_cmd(init_seq[i])

abort() was called at PC 0x400869d3 on core 0


Backtrace: 0x40081a0d:0x3ffb3da0 0x400869dd:0x3ffb3dc0 0x4008ca89:0x3ffb3de0 0x400869d3:0x3ffb3e50 0x400d692c:0x3ffb3e80 0x400d6804:0x3ffb3ee0 0x400e53a4:0x3ffb3f20 0x400873dd:0x3ffb3f50




ELF file SHA256: e706951af

Rebooting...
ets Jun  8 2016 00:22:57

rst:0xc (SW_CPU_RESET),boot:0x13 (SPI_FAST_FLASH_BOOT)
configsip: 0, SPIWP:0xee
clk_drv:0x00,q_drv:0x00,d_drv:0x00,cs0_drv:0x00,hd_drv:0x00,wp_drv:0x00
mode:DIO, clock div:2
load:0x3fff0030,len:6276
load:0x40078000,len:15748
load:0x40080400,len:4
ho 8 tail 4 room 4
load:0x40080404,len:3860
entry 0x4008063c
[0;32mI (30) boot: ESP-IDF v5.4.1 2nd stage bootloader[0m
[0;32mI (31) boot: compile time Apr 14 2025 11:20:41[0m
[0;32mI (31) boot: Multicore bootloader[0m
[0;32mI (32) boot: chip revision: v1.0[0m
[0;32mI (35) boot.esp32: SPI Speed      : 40MHz[0m
[0;32mI (39) boot.esp32: SPI Mode       : DIO[0m
[0;32mI (42) boot.esp32: SPI Flash Size : 2MB[0m
[0;32mI (46) boot: Enabling RNG early entropy source...[0m
[0;32mI (50) boot: Partition Table:[0m
[0;32mI (53) boot: ## Label            Usage          Type ST Offset   Length[0m
[0;32mI (59) boot:  0 nvs              WiFi data        01 02 00009000 00006000[0m
[0;32mI (66) boot:  1 phy_init         RF data          01 01 0000f000 00001000[0m
[0;32mI (72) boot:  2 factory          factory app      00 00 00010000 00100000[0m
[0;32mI (79) boot: End of partition table[0m
[0;32mI (82) esp_image: segment 0: paddr=00010020 vaddr=3f400020 size=0aea0h ( 44704) map[0m
[0;32mI (105) esp_image: segment 1: paddr=0001aec8 vaddr=3ff80000 size=0001ch (    28) load[0m
[0;32mI (105) esp_image: segment 2: paddr=0001aeec vaddr=3ffb0000 size=02344h (  9028) load[0m
[0;32mI (112) esp_image: segment 3: paddr=0001d238 vaddr=40080000 size=02de0h ( 11744) load[0m
[0;32mI (121) esp_image: segment 4: paddr=00020020 vaddr=400d0020 size=15a64h ( 88676) map[0m
[0;32mI (154) esp_image: segment 5: paddr=00035a8c vaddr=40082de0 size=0b3a8h ( 45992) load[0m
[0;32mI (179) boot: Loaded app from partition at offset 0x10000[0m
[0;32mI (179) boot: Disabling RNG early entropy source...[0m
[0;32mI (190) cpu_start: Multicore app[0m
[0;32mI (199) cpu_start: Pro cpu start user code[0m
[0;32mI (199) cpu_start: cpu freq: 160000000 Hz[0m
[0;32mI (199) app_init: Application information:[0m
[0;32mI (199) app_init: Project name:     example_oledScreen[0m
[0;32mI (204) app_init: App version:      1[0m
[0;32mI (207) app_init: Compile time:     Apr 14 2025 11:08:04[0m
[0;32mI (212) app_init: ELF file SHA256:  e706951af...[0m
[0;32mI (216) app_init: ESP-IDF:          v5.4.1[0m
[0;32mI (220) efuse_init: Min chip rev:     v0.0[0m
[0;32mI (224) efuse_init: Max chip rev:     v3.99 [0m
[0;32mI (228) efuse_init: Chip rev:         v1.0[0m
[0;32mI (232) heap_init: Initializing. RAM available for dynamic allocation:[0m
[0;32mI (238) heap_init: At 3FFAE6E0 len 00001920 (6 KiB): DRAM[0m
[0;32mI (243) heap_init: At 3FFB2C28 len 0002D3D8 (180 KiB): DRAM[0m
[0;32mI (249) heap_init: At 3FFE0440 len 00003AE0 (14 KiB): D/IRAM[0m
[0;32mI (254) heap_init: At 3FFE4350 len 0001BCB0 (111 KiB): D/IRAM[0m
[0;32mI (259) heap_init: At 4008E188 len 00011E78 (71 KiB): IRAM[0m
[0;32mI (266) spi_flash: detected chip: generic[0m
[0;32mI (268) spi_flash: flash io: dio[0m
[0;33mW (271) spi_flash: Detected size(4096k) larger than the size in the binary image header(2048k). Using the size in the binary image header.[0m
[0;33mW (283) i2c: This driver is an old driver, please migrate your application code to adapt `driver/i2c_master.h`[0m
[0;32mI (294) main_task: Started on CPU0[0m
[0;32mI (304) main_task: Calling app_main()[0m
ESP_ERROR_CHECK failed: esp_err_t 0xffffffff (ESP_FAIL) at 0x400d692c
file: "/IDF/components/screenOLED/screenOLED.c" line 69
func: OLEDscreen_init
expression: send_cmd(init_seq[i])

abort() was called at PC 0x400869d3 on core 0


Backtrace: 0x40081a0d:0x3ffb3da0 0x400869dd:0x3ffb3dc0 0x4008ca89:0x3ffb3de0 0x400869d3:0x3ffb3e50 0x400d692c:0x3ffb3e80 0x400d6804:0x3ffb3ee0 0x400e53a4:0x3ffb3f20 0x400873dd:0x3ffb3f50




ELF file SHA256: e706951af

Rebooting...
ets Jun  8 2016 00:22:57

rst:0xc (SW_CPU_RESET),boot:0x13 (SPI_FAST_FLASH_BOOT)
configsip: 0, SPIWP:0xee
clk_drv:0x00,q_drv:0x00,d_drv:0x00,cs0_drv:0x00,hd_drv:0x00,wp_drv:0x00
mode:DIO, clock div:2
load:0x3fff0030,len:6276
load:0x40078000,len:15748
load:0x40080400,len:4
ho 8 tail 4 room 4
load:0x40080404,len:3860
entry 0x4008063c
[0;32mI (30) boot: ESP-IDF v5.4.1 2nd stage bootloader[0m
[0;32mI (31) boot: compile time Apr 14 2025 11:20:41[0m
[0;32mI (31) boot: Multicore bootloader[0m
[0;32mI (32) boot: chip revision: v1.0[0m
[0;32mI (35) boot.esp32: SPI Speed      : 40MHz[0m
[0;32mI (39) boot.esp32: SPI Mode       : DIO[0m
[0;32mI (42) boot.esp32: SPI Flash Size : 2MB[0m
[0;32mI (46) boot: Enabling RNG early entropy source...[0m
[0;32mI (50) boot: Partition Table:[0m
[0;32mI (53) boot: ## Label            Usage          Type ST Offset   Length[0m
[0;32mI (59) boot:  0 nvs              WiFi data        01 02 00009000 00006000[0m
[0;32mI (66) boot:  1 phy_init         RF data          01 01 0000f000 00001000[0m
[0;32mI (72) boot:  2 factory          factory app      00 00 00010000 00100000[0m
[0;32mI (79) boot: End of partition table[0m
[0;32mI (82) esp_image: segment 0: paddr=00010020 vaddr=3f400020 size=0aea0h ( 44704) map[0m
[0;32mI (105) esp_image: segment 1: paddr=0001aec8 vaddr=3ff80000 size=0001ch (    28) load[0m
[0;32mI (105) esp_image: segment 2: paddr=0001aeec vaddr=3ffb0000 size=02344h (  9028) load[0m
[0;32mI (112) esp_image: segment 3: paddr=0001d238 vaddr=40080000 size=02de0h ( 11744) load[0m
[0;32mI (121) esp_image: segment 4: paddr=00020020 vaddr=400d0020 size=15a64h ( 88676) map[0m
[0;32mI (154) esp_image: segment 5: paddr=00035a8c vaddr=40082de0 size=0b3a8h ( 45992) load[0m
[0;32mI (179) boot: Loaded app from partition at offset 0x10000[0m
[0;32mI (179) boot: Disabling RNG early entropy source...[0m
[0;32mI (190) cpu_start: Multicore app[0m
[0;32mI (199) cpu_start: Pro cpu start user code[0m
[0;32mI (199) cpu_start: cpu freq: 160000000 Hz[0m
[0;32mI (199) app_init: Application information:[0m
[0;32mI (199) app_init: Project name:     example_oledScreen[0m
[0;32mI (204) app_init: App version:      1[0m
[0;32mI (207) app_init: Compile time:     Apr 14 2025 11:08:04[0m
[0;32mI (212) app_init: ELF file SHA256:  e706951af...[0m
[0;32mI (216) app_init: ESP-IDF:          v5.4.1[0m
[0;32mI (220) efuse_init: Min chip rev:     v0.0[0m
[0;32mI (224) efuse_init: Max chip rev:     v3.99 [0m
[0;32mI (228) efuse_init: Chip rev:         v1.0[0m
[0;32mI (232) heap_init: Initializing. RAM available for dynamic allocation:[0m
[0;32mI (238) heap_init: At 3FFAE6E0 len 00001920 (6 KiB): DRAM[0m
[0;32mI (243) heap_init: At 3FFB2C28 len 0002D3D8 (180 KiB): DRAM[0m
[0;32mI (249) heap_init: At 3FFE0440 len 00003AE0 (14 KiB): D/IRAM[0m
[0;32mI (254) heap_init: At 3FFE4350 len 0001BCB0 (111 KiB): D/IRAM[0m
[0;32mI (259) heap_init: At 4008E188 len 00011E78 (71 KiB): IRAM[0m
[0;32mI (266) spi_flash: detected chip: generic[0m
[0;32mI (268) spi_flash: flash io: dio[0m
[0;33mW (271) spi_flash: Detected size(4096k) larger than the size in the binary image header(2048k). Using the size in the binary image header.[0m
[0;33mW (283) i2c: This driver is an old driver, please migrate your application code to adapt `driver/i2c_master.h`[0m
[0;32mI (294) main_task: Started on CPU0[0m
[0;32mI (304) main_task: Calling app_main()[0m
ESP_ERROR_CHECK failed: esp_err_t 0xffffffff (ESP_FAIL) at 0x400d692c
file: "/IDF/components/screenOLED/screenOLED.c" line 69
func: OLEDscreen_init
expression: send_cmd(init_seq[i])

abort() was called at PC 0x400869d3 on core 0


Backtrace: 0x40081a0d:0x3ffb3da0 0x400869dd:0x3ffb3dc0 0x4008ca89:0x3ffb3de0 0x400869d3:0x3ffb3e50 0x400d692c:0x3ffb3e80 0x400d6804:0x3ffb3ee0 0x400e53a4:0x3ffb3f20 0x400873dd:0x3ffb3f50




ELF file SHA256: e706951af

Rebooting...
ets Jun  8 2016 00:22:57

rst:0xc (SW_CPU_RESET),boot:0x13 (SPI_FAST_FLASH_BOOT)
configsip: 0, SPIWP:0xee
clk_drv:0x00,q_drv:0x00,d_drv:0x00,cs0_drv:0x00,hd_drv:0x00,wp_drv:0x00
mode:DIO, clock div:2
load:0x3fff0030,len:6276
load:0x40078000,len:15748
load:0x40080400,len:4
ho 8 tail 4 room 4
load:0x40080404,len:3860
entry 0x4008063c
[0;32mI (30) boot: ESP-IDF v5.4.1 2nd stage bootloader[0m
[0;32mI (31) boot: compile time Apr 14 2025 11:20:41[0m
[0;32mI (31) boot: Multicore bootloader[0m
[0;32mI (32) boot: chip revision: v1.0[0m
[0;32mI (35) boot.esp32: SPI Speed      : 40MHz[0m
[0;32mI (39) boot.esp32: SPI Mode       : DIO[0m
[0;32mI (42) boot.esp32: SPI Flash Size : 2MB[0m
[0;32mI (46) boot: Enabling RNG early entropy source...[0m
[0;32mI (50) boot: Partition Table:[0m
[0;32mI (53) boot: ## Label            Usage          Type ST Offset   Length[0m
[0;32mI (59) boot:  0 nvs              WiFi data        01 02 00009000 00006000[0m
[0;32mI (66) boot:  1 phy_init         RF data          01 01 0000f000 00001000[0m
[0;32mI (72) boot:  2 factory          factory app      00 00 00010000 00100000[0m
[0;32mI (79) boot: End of partition table[0m
[0;32mI (82) esp_image: segment 0: paddr=00010020 vaddr=3f400020 size=0aea0h ( 44704) map[0m
[0;32mI (105) esp_image: segment 1: paddr=0001aec8 vaddr=3ff80000 size=0001ch (    28) load[0m
[0;32mI (105) esp_image: segment 2: paddr=0001aeec vaddr=3ffb0000 size=02344h (  9028) load[0m
[0;32mI (112) esp_image: segment 3: paddr=0001d238 vaddr=40080000 size=02de0h ( 11744) load[0m
[0;32mI (121) esp_image: segment 4: paddr=00020020 vaddr=400d0020 size=15a64h ( 88676) map[0m
[0;32mI (154) esp_image: segment 5: paddr=00035a8c vaddr=40082de0 size=0b3a8h ( 45992) load[0m
[0;32mI (179) boot: Loaded app from partition at offset 0x10000[0m
[0;32mI (179) boot: Disabling RNG early entropy source...[0m
[0;32mI (190) cpu_start: Multicore app[0m
[0;32mI (199) cpu_start: Pro cpu start user code[0m
[0;32mI (199) cpu_start: cpu freq: 160000000 Hz[0m
[0;32mI (199) app_init: Application information:[0m
[0;32mI (199) app_init: Project name:     example_oledScreen[0m
[0;32mI (204) app_init: App version:      1[0m
[0;32mI (207) app_init: Compile time:     Apr 14 2025 11:08:04[0m
[0;32mI (212) app_init: ELF file SHA256:  e706951af...[0m
[0;32mI (216) app_init: ESP-IDF:          v5.4.1[0m
[0;32mI (220) efuse_init: Min chip rev:     v0.0[0m
[0;32mI (224) efuse_init: Max chip rev:     v3.99 [0m
[0;32mI (228) efuse_init: Chip rev:         v1.0[0m
[0;32mI (232) heap_init: Initializing. RAM available for dynamic allocation:[0m
[0;32mI (238) heap_init: At 3FFAE6E0 len 00001920 (6 KiB): DRAM[0m
[0;32mI (243) heap_init: At 3FFB2C28 len 0002D3D8 (180 KiB): DRAM[0m
[0;32mI (249) heap_init: At 3FFE0440 len 00003AE0 (14 KiB): D/IRAM[0m
[0;32mI (254) heap_init: At 3FFE4350 len 0001BCB0 (111 KiB): D/IRAM[0m
[0;32mI (260) heap_init: At 4008E188 len 00011E78 (71 KiB): IRAM[0m
[0;32mI (266) spi_flash: detected chip: generic[0m
[0;32mI (268) spi_flash: flash io: dio[0m
[0;33mW (271) spi_flash: Detected size(4096k) larger than the size in the binary image header(2048k). Using the size in the binary image header.[0m
[0;33mW (284) i2c: This driver is an old driver, please migrate your application code to adapt `driver/i2c_master.h`[0m
[0;32mI (294) main_task: Started on CPU0[0m
[0;32mI (304) main_task: Calling app_main()[0m
ESP_ERROR_CHECK failed: esp_err_t 0xffffffff (ESP_FAIL) at 0x400d692c
file: "/IDF/components/screenOLED/screenOLED.c" line 69
func: OLEDscreen_init
expression: send_cmd(init_seq[i])

abort() was called at PC 0x400869d3 on core 0


Backtrace: 0x40081a0d:0x3ffb3da0 0x400869dd:0x3ffb3dc0 0x4008ca89:0x3ffb3de0 0x400869d3:0x3ffb3e50 0
x400d692c:0x3ffb3e80 0x400d6804:
0x3ffb3ee0 0x400e53a4:0x3ffb3f20
 0x400873dd:0x3ffb3f50




ELF file SHA256: e706951af

Rebooting...
ets Jun  8 2016 00:22:57

rst:0xc (SW_CPU_RESET),boot:0x13 (SPI_FAST_FLASH_BOOT)
configsip: 0, SPIWP:0xee
clk_drv:0x00,q_drv:0x00,d_drv:0x00,cs0_drv:0x00,hd_drv:0x00,wp_drv:0x00
mode:DIO, clock div:2
load:0x3fff0030,len:6276
load:0x40078000,len:15748
load:0x40080400,len:4
ho 8 tail 4 room 4
load:0x40080404,len:3860
entry 0x4008063c
[0;32mI (30) boot: ESP-IDF v5.4.1 2nd stage bootloader[0m
[0;32mI (31) boot: compile time Apr 14 2025 11:20:41[0m
[0;32mI (31) boot: Multicore bootloader[0m
[0;32mI (32) boot: chip revision: v1.0[0m
[0;32mI (35) boot.esp32: SPI Speed      : 40MHz[0m
[0;32mI (39) boot.esp32: SPI Mode       : DIO[0m
[0;32mI (42) boot.esp32: SPI Flash Size : 2MB[0m
[0;32mI (46) boot: Enabling RNG early entropy source...[0m
[0;32mI (50) boot: Partition Table:[0m
[0;32mI (53) boot: ## Label            Usage          Type ST Offset   Length[0m
[0;32mI (59) boot:  0 nvs              WiFi data        01 02 00009000 00006000[0m
[0;32mI (66) boot:  1 phy_init         RF data          01 01 0000f000 00001000[0m
[0;32mI (72) boot:  2 factory          factory app      00 00 00010000 00100000[0m
[0;32mI (79) boot: End of partition table[0m
[0;32mI (82) esp_image: segment 0: paddr=00010020 vaddr=3f400020 size=0aea0h ( 44704) map[0m
[0;32mI (105) esp_image: segment 1: paddr=0001aec8 vaddr=3ff80000 size=0001ch (    28) load[0m
[0;32mI (105) esp_image: segment 2: paddr=0001aeec vaddr=3ffb0000 size=02344h (  9028) load[0m
[0;32mI (112) esp_image: segment 3: paddr=0001d238 vaddr=40080000 size=02de0h ( 11744) load[0m
[0;32mI (121) esp_image: segment 4: paddr=00020020 vaddr=400d0020 size=15a64h ( 88676) map[0m
[0;32mI (154) esp_image: segment 5: paddr=00035a8c vaddr=40082de0 size=0b3a8h ( 45992) load[0m
[0;32mI (179) boot: Loaded app from partition at offset 0x10000[0m
[0;32mI (179) boot: Disabling RNG early entropy source...[0m
[0;32mI (190) cpu_start: Multicore app[0m
[0;32mI (199) cpu_start: Pro cpu start user code[0m
[0;32mI (199) cpu_start: cpu freq: 160000000 Hz[0m
[0;32mI (199) app_init: Application information:[0m
[0;32mI (199) app_init: Project name:     example_oledScreen[0m
[0;32mI (204) app_init: App version:      1[0m
[0;32mI (207) app_init: Compile time:     Apr 14 2025 11:08:04[0m
[0;32mI (212) app_init: ELF file SHA256:  e706951af...[0m
[0;32mI (216) app_init: ESP-IDF:          v5.4.1[0m
[0;32mI (220) efuse_init: Min chip rev:     v0.0[0m
[0;32mI (224) efuse_init: Max chip rev:     v3.99 [0m
[0;32mI (228) efuse_init: Chip rev:         v1.0[0m
[0;32mI (232) heap_init: Initializing. RAM available for dynamic allocation:[0m
[0;32mI (238) heap_init: At 3FFAE6E0 len 00001920 (6 KiB): DRAM[0m
[0;32mI (243) heap_init: At 3FFB2C28 len 0002D3D8 (180 KiB): DRAM[0m
[0;32mI (249) heap_init: At 3FFE0440 len 00003AE0 (14 KiB): D/IRAM[0m
[0;32mI (254) heap_init: At 3FFE4350 len 0001BCB0 (111 KiB): D/IRAM[0m
[0;32mI (259) heap_init: At 4008E188 len 00011E78 (71 KiB): IRAM[0m
[0;32mI (266) spi_flash: detected chip: generic[0m
[0;32mI (268) spi_flash: flash io: dio[0m
[0;33mW (271) spi_flash: Detected size(4096k) larger than the size in the binary image header(2048k). Using the size in the binary image header.[0m
[0;33mW (283) i2c: This driver is an old driver, please migrate your application code to adapt `driver/i2c_master.h`[0m
[0;32mI (294) main_task: Started on CPU0[0m
[0;32mI (304) main_task: Calling app_main()[0m
ESP_ERROR_CHECK failed: esp_err_t 0xffffffff (ESP_FAIL) at 0x400d692c
file: "/IDF/components/screenOLED/screenOLED.c" line 69
func: OLEDscreen_init
expression: send_cmd(init_seq[i])

abort() was called at PC 0x400869d3 on core 0


Backtrace: 0x40081a0d:0x3ffb3da0 0x400869dd:0x3ffb3dc0 0x4008ca89:0x3ffb3de0 0x400869d3:0x3ffb3e50 0x400d692c:0x3ffb3e80 0x400d6804:0x3ffb3ee0 0x400e53a4:0x3ffb3f20 0x400873dd:0x3ffb3f50




ELF file SHA256: e706951af

Rebooting...
ets Jun  8 2016 00:22:57

rst:0xc (SW_CPU_RESET),boot:0x13 (SPI_FAST_FLASH_BOOT)
configsip: 0, SPIWP:0xee
clk_drv:0x00,q_drv:0x00,d_drv:0x00,cs0_drv:0x00,hd_drv:0x00,wp_drv:0x00
mode:DIO, clock div:2
load:0x3fff0030,len:6276
load:0x40078000,len:15748
load:0x40080400,len:4
ho 8 tail 4 room 4
load:0x40080404,len:3860
entry 0x4008063c
[0;32mI (30) boot: ESP-IDF v5.4.1 2nd stage bootloader[0m
[0;32mI (31) boot: compile time Apr 14 2025 11:20:41[0m
[0;32mI (31) boot: Multicore bootloader[0m
[0;32mI (32) boot: chip revision: v1.0[0m
[0;32mI (35) boot.esp32: SPI Speed      : 40MHz[0m
[0;32mI (39) boot.esp32: SPI Mode       : DIO[0m
I (42) boot.esp32: SPI Flash Size : 2MB
[0;32mI (46) boot: Enabling RNG early entropy source...[0m
[0;32mI (50) boot: Partition Table:[0m
[0;32mI (53) boot: ## Label            Usage          Type ST Offset   Length[0m
[0;32mI (59) boot:  0 nvs              WiFi data        01 02 00009000 00006000[0m
[0;32mI (66) boot:  1 phy_init         RF data          01 01 0000f000 00001000[0m
[0;32mI (72) boot:  2 factory          factory app      00 00 00010000 00100000[0m
[0;32mI (79) boot: End of partition table[0m
[0;32mI (82) esp_image: segment 0: paddr=00010020 vaddr=3f400020 size=0aea0h ( 44704) map[0m
[0;32mI (105) esp_image: segment 1: paddr=0001aec8 vaddr=3ff80000 size=0001ch (    28) load[0m
[0;32mI (105) esp_image: segment 2: paddr=0001aeec vaddr=3ffb0000 size=02344h (  9028) load[0m
[0;32mI (112) esp_image: segment 3: paddr=0001d238 vaddr=40080000 size=02de0h ( 11744) load[0m
[0;32mI (121) esp_image: segment 4: paddr=00020020 vaddr=400d0020 size=15a64h ( 88676) map[0m
[0;32mI (154) esp_image: segment 5: paddr=00035a8c vaddr=40082de0 size=0b3a8h ( 45992) load[0m
[0;32mI (179) boot: Loaded app from partition at offset 0x10000[0m
[0;32mI (179) boot: Disabling RNG early entropy source...[0m
[0;32mI (190) cpu_start: Multicore app[0m
[0;32mI (199) cpu_start: Pro cpu start user code[0m
[0;32mI (199) cpu_start: cpu freq: 160000000 Hz[0m
[0;32mI (199) app_init: Application information:[0m
[0;32mI (199) app_init: Project name:     example_oledScreen[0m
[0;32mI (204) app_init: App version:      1[0m
[0;32mI (207) app_init: Compile time:     Apr 14 2025 11:08:04[0m
[0;32mI (212) app_init: ELF file SHA256:  e706951af...[0m
[0;32mI (216) app_init: ESP-IDF:          v5.4.1[0m
[0;32mI (220) efuse_init: Min chip rev:     v0.0[0m
[0;32mI (224) efuse_init: Max chip rev:     v3.99 [0m
[0;32mI (228) efuse_init: Chip rev:         v1.0[0m
[0;32mI (232) heap_init: Initializing. RAM available for dynamic allocation:[0m
[0;32mI (238) heap_init: At 3FFAE6E0 len 00001920 (6 KiB): DRAM[0m
[0;32mI (243) heap_init: At 3FFB2C28 len 0002D3D8 (180 KiB): DRAM[0m
[0;32mI (249) heap_init: At 3FFE0440 len 00003AE0 (14 KiB): D/IRAM[0m
[0;32mI (254) heap_init: At 3FFE4350 len 0001BCB0 (111 KiB): D/IRAM[0m
[0;32mI (260) heap_init: At 4008E188 len 00011E78 (71 KiB): IRAM[0m
[0;32mI (266) spi_flash: detected chip: generic[0m
[0;32mI (268) spi_flash: flash io: dio[0m
[0;33mW (271) spi_flash: Detected size(4096k) larger than the size in the binary image header(2048k). Using the size in the binary image header.[0m
[0;33mW (284) i2c: This driver is an old driver, please migrate your application code to adapt `driver/i2c_master.h`[0m
[0;32mI (294) main_task: Started on CPU0[0m
[0;32mI (304) main_task: Calling app_main()[0m
ESP_ERROR_CHECK failed: esp_err_t 0xffffffff (ESP_FAIL) at 0x400d692c
file: "/IDF/components/screenOLED/screenOLED.c" line 69
func: OLEDscreen_init
expression: send_cmd(init_seq[i])

abort() was called at PC 0x400869d3 on core 0


Backtrace: 0x40081a0d:0x3ffb3da0 0x400869dd:0x3ffb3dc0 0x4008ca89:0x3ffb3de0 0x400869d3:0x3ffb3e50 0x400d692c:0x3ffb3e80 0x400d6804:0x3ffb3ee0 0x400e53a4:0x3ffb3f20 0x400873dd:0x3ffb3f50




ELF file SHA256: e706951af

Rebooting...
ets Jun  8 2016 00:22:57

rst:0xc (SW_CPU_RESET),boot:0x13 (SPI_FAST_FLASH_BOOT)
configsip: 0, SPIWP:0xee
clk_drv:0x00,q_drv:0x00,d_drv:0x00,cs0_drv:0x00,hd_drv:0x00,wp_drv:0x00
mode:DIO, clock div:2
load:0x3fff0030,len:6276
load:0x40078000,len:15748
load:0x40080400,len:4
ho 8 tail 4 room 4
load:0x40080404,len:3860
entry 0x4008063c
[0;32mI (30) boot: ESP-IDF v5.4.1 2nd stage bootloader[0m
[0;32mI (31) boot: compile time Apr 14 2025 11:20:41[0m
[0;32mI (31) boot: Multicore bootloader[0m
[0;32mI (32) boot: chip revision: v1.0[0m
[0;32mI (35) boot.esp32: SPI Speed      : 40MHz[0m
[0;32mI (39) boot.esp32: SPI Mode       : DIO[0m
[0;32mI (42) boot.esp32: SPI Flash Size : 2MB[0m
[0;32mI (46) boot: Enabling RNG early entropy source...[0m
[0;32mI (50) boot: Partition Table:[0m
[0;32mI (53) boot: ## Label            Usage          Type ST Offset   Length[0m
[0;32mI (59) boot:  0 nvs              WiFi data        01 02 00009000 00006000[0m
[0;32mI (66) boot:  1 phy_init         RF data          01 01 0000f000 00001000[0m
[0;32mI (72) boot:  2 factory          factory app      00 00 00010000 00100000[0m
[0;32mI (79) boot: End of partition table[0m
[0;32mI (82) esp_image: segment 0: paddr=00010020 vaddr=3f400020 size=0aea0h ( 44704) map[0m
[0;32mI (105) esp_image: segment 1: paddr=0001aec8 vaddr=3ff80000 size=0001ch (    28) load[0m
[0;32mI (105) esp_image: segment 2: paddr=0001aeec vaddr=3ffb0000 size=02344h (  9028) load[0m
[0;32mI (112) esp_image: segment 3: paddr=0001d238 vaddr=40080000 size=02de0h ( 11744) load[0m
[0;32mI (121) esp_image: segment 4: paddr=00020020 vaddr=400d0020 size=15a64h ( 88676) map[0m
[0;32mI (154) esp_image: segment 5: paddr=00035a8c vaddr=40082de0 size=0b3a8h ( 45992) load[0m
[0;32mI (179) boot: Loaded app from partition at offset 0x10000[0m
[0;32mI (179) boot: Disabling RNG early entropy source...[0m
[0;32mI (190) cpu_start: Multicore app[0m
[0;32mI (199) cpu_start: Pro cpu start user code[0m
[0;32mI (199) cpu_start: cpu freq: 160000000 Hz[0m
[0;32mI (199) app_init: Application information:[0m
[0;32mI (199) app_init: Project name:     example_oledScreen[0m
[0;32mI (204) app_init: App version:      1[0m
[0;32mI (207) app_init: Compile time:     Apr 14 2025 11:08:04[0m
[0;32mI (212) app_init: ELF file SHA256:  e706951af...[0m
[0;32mI (216) app_init: ESP-IDF:          v5.4.1[0m
[0;32mI (220) efuse_init: Min chip rev:     v0.0[0m
[0;32mI (224) efuse_init: Max chip rev:     v3.99 [0m
[0;32mI (228) efuse_init: Chip rev:         v1.0[0m
[0;32mI (232) heap_init: Initializing. RAM available for dynamic allocation:[0m
[0;32mI (238) heap_init: At 3FFAE6E0 len 00001920 (6 KiB): DRAM[0m
[0;32mI (243) heap_init: At 3FFB2C28 len 0002D3D8 (180 KiB): DRAM[0m
[0;32mI (249) heap_init: At 3FFE0440 len 00003AE0 (14 KiB): D/IRAM[0m
[0;32mI (254) heap_init: At 3FFE4350 len 0001BCB0 (111 KiB): D/IRAM[0m
[0;32mI (259) heap_init: At 4008E188 len 00011E78 (71 KiB): IRAM[0m
[0;32mI (266) spi_flash: detected chip: generic[0m
[0;32mI (268) spi_flash: flash io: dio[0m
[0;33mW (271) spi_flash: Detected size(4096k) larger than the size in the binary image header(2048k). Using the size in the binary image header.[0m
[0;33mW (283) i2c: This driver is an old driver, please migrate your application code to adapt `driver/i2c_master.h`[0m
[0;32mI (294) main_task: Started on CPU0[0m
[0;32mI (304) main_task: Calling app_main()[0m
ESP_ERROR_CHECK failed: esp_err_t 0xffffffff (ESP_FAIL) at 0x400d692c
file: "/IDF/components/screenOLED/screenOLED.c" line 69
func: OLEDscreen_init
expression: send_cmd(init_seq[i])

abort() was called at PC 0x400869d3 on core 0


Backtrace: 0x40081a0d:0x3ffb3da0 0x400869dd:0x3ffb3dc0 0x4008ca89:0x3ffb3de0 0x400869d3:0x3ffb3e50 0x400d692c:0x3ffb3e80 0x400d6804:0x3ffb3ee0 0x400e53a4:0x3ffb3f20 0x400873dd:0x3ffb3f50




ELF file SHA256: e706951af

Rebooting...
ets Jun  8 2016 00:22:57

rst:0xc (SW_CPU_RESET),boot:0x13 (SPI_FAST_FLASH_BOOT)
configsip: 0, SPIWP:0xee
clk_drv:0x00,q_drv:0x00,d_drv:0x00,cs0_drv:0x00,hd_drv:0x00,wp_drv:0x00
mode:DIO, clock div:2
load:0x3fff0030,len:6276
load:0x40078000,len:15748
load:0x40080400,len:4
ho 8 tail 4 room 4
load:0x40080404,len:3860
entry 0x4008063c
[0;32mI (30) boot: ESP-IDF v5.4.1 2nd stage bootloader[0m
[0;32mI (31) boot: compile time Apr 14 2025 11:20:41[0m
[0;32mI (31) boot: Multicore bootloader[0m
[0;32mI (32) boot: chip revision: v1.0[0m
[0;32mI (35) boot.esp32: SPI Speed      : 40MHz[0m
[0;32mI (39) boot.esp32: SPI Mode       : DIO[0m
[0;32mI (42) boot.esp32: SPI Flash Size : 2MB[0m
[0;32mI (46) boot: Enabling RNG early entropy source...[0m
[0;32mI (50) boot: Partition Table:[0m
[0;32mI (53) boot: ## Label            Usage          Type ST Offset   Length[0m
[0;32mI (59) boot:  0 nvs              WiFi data        01 02 00009000 00006000[0m
[0;32mI (66) boot:  1 phy_init         RF data          01 01 0000f000 00001000[0m
[0;32mI (72) boot:  2 factory          factory app      00 00 00010000 00100000[0m
[0;32mI (79) boot: End of partition table[0m
[0;32mI (82) esp_image: segment 0: paddr=00010020 vaddr=3f400020 size=0aea0h ( 44704) map[0m
[0;32mI (105) esp_image: segment 1: paddr=0001aec8 vaddr=3ff80000 size=0001ch (    28) load[0m
[0;32mI (105) esp_image: segment 2: paddr=0001aeec vaddr=3ffb0000 size=02344h (  9028) load[0m
[0;32mI (112) esp_image: segment 3: paddr=0001d238 vaddr=40080000 size=02de0h ( 11744) load[0m
[0;32mI (121) esp_image: segment 4: paddr=00020020 vaddr=400d0020 size=15a64h ( 88676) map[0m
[0;32mI (154) esp_image: segment 5: paddr=00035a8c vaddr=40082de0 size=0b3a8h ( 45992) load[0m
[0;32mI (179) boot: Loaded app from partition at offset 0x10000[0m
[0;32mI (179) boot: Disabling RNG early entropy source...[0m
[0;32mI (190) cpu_start: Multicore app[0m
[0;32mI (199) cpu_start: Pro cpu start user code[0m
[0;32mI (199) cpu_start: cpu freq: 160000000 Hz[0m
[0;32mI (199) app_init: Application information:[0m
[0;32mI (199) app_init: Project name:     example_oledScreen[0m
[0;32mI (204) app_init: App version:      1[0m
[0;32mI (207) app_init: Compile time:     Apr 14 2025 11:08:04[0m
[0;32mI (212) app_init: ELF file SHA256:  e706951af...[0m
[0;32mI (216) app_init: ESP-IDF:          v5.4.1[0m
[0;32mI (220) efuse_init: Min chip rev:     v0.0[0m
[0;32mI (224) efuse_init: Max chip rev:     v3.99 [0m
[0;32mI (228) efuse_init: Chip rev:         v1.0[0m
[0;32mI (232) heap_init: Initializing. RAM available for dynamic allocation:[0m
[0;32mI (238) heap_init: At 3FFAE6E0 len 00001920 (6 KiB): DRAM[0m
[0;32mI (243) heap_init: At 3FFB2C28 len 0002D3D8 (180 KiB): DRAM[0m
[0;32mI (249) heap_init: At 3FFE0440 len 00003AE0 (14 KiB): D/IRAM[0m
[0;32mI (254) heap_init: At 3FFE4350 len 0001BCB0 (111 KiB): D/IRAM[0m
[0;32mI (259) heap_init: At 4008E188 len 00011E78 (71 KiB): IRAM[0m
[0;32mI (266) spi_flash: detected chip: generic[0m
[0;32mI (268) spi_flash: flash io: dio[0m
[0;33mW (271) spi_flash: Detected size(4096k) larger than the size in the binary image header(2048k). Using the size in the binary image header.[0m
[0;33mW (283) i2c: This driver is an old driver, please migrate your application code to adapt `driver/i2c_master.h`[0m
[0;32mI (294) main_task: Started on CPU0[0m
[0;32mI (304) main_task: Calling app_main()[0m
ESP_ERROR_CHECK failed: esp_err_t 0xffffffff (ESP_FAIL) at 0x400d692c
file: "/IDF/components/screenOLED/screenOLED.c" line 69
func: OLEDscreen_init
expression: send_cmd(init_seq[i])

abort() was called at PC 0x400869d3 on core 0


Backtrace: 0x40081a0d:0x3ffb3da0 0x400869dd:0x3ffb3dc0 0x4008ca89:0x3ffb3de0 0x400869d3:0x3ffb3e50 0x400d692c:0x3ffb3e80 0x400d6804:0x3ffb3ee0 0x400e53a4:0x3ffb3f20 0x400873dd:0x3ffb3f50




ELF file SHA256: e706951af

Rebooting...
ets Jun  8 2016 00:22:57

rst:0xc (SW_CPU_RESET),boot:0x13 (SPI_FAST_FLASH_BOOT)
configsip: 0, SPIWP:0xee
clk_drv:0x00,q_drv:0x00,d_drv:0x00,cs0_drv:0x00,hd_drv:0x00,wp_drv:0x00
mode:DIO, clock div:2
load:0x3fff0030,len:6276
load:0x40078000,len:15748
load:0x40080400,len:4
ho 8 tail 4 room 4
load:0x40080404,len:3860
entry 0x4008063c
[0;32mI (30) boot: ESP-IDF v5.4.1 2nd stage bootloader[0m
[0;32mI (31) boot: compile time Apr 14 2025 11:20:41[0m
[0;32mI (31) boot: Multicore bootloader[0m
[0;32mI (32) boot: chip revision: v1.0[0m
[0;32mI (35) boot.esp32: SPI Speed      : 40MHz[0m
[0;32mI (39) boot.esp32: SPI Mode       : DIO[0m
[0;32mI (42) boot.esp32: SPI Flash Size : 2MB[0m
[0;32mI (46) boot: Enabling RNG early entropy source...[0m
[0;32mI (50) boot: Partition Table:[0m
[0;32mI (53) boot: ## Label            Usage          Type ST Offset   Length[0m
[0;32mI (59) boot:  0 nvs              WiFi data        01 02 00009000 00006000[0m
[0;32mI (66) boot:  1 phy_init         RF data          01 01 0000f000 00001000[0m
[0;32mI (72) boot:  2 factory          factory app      00 00 00010000 00100000[0m
[0;32mI (79) boot: End of partition table[0m
[0;32mI (82) esp_image: segment 0: paddr=00010020 vaddr=3f400020 size=0aea0h ( 44704) map[0m
[0;32mI (105) esp_image: segment 1: paddr=0001aec8 vaddr=3ff80000 size=0001ch (    28) load[0m
[0;32mI (105) esp_image: segment 2: paddr=0001aeec vaddr=3ffb0000 size=02344h (  9028) load[0m
[0;32mI (112) esp_image: segment 3: paddr=0001d238 vaddr=40080000 size=02de0h ( 11744) load[0m
[0;32mI (121) esp_image: segment 4: paddr=00020020 vaddr=400d0020 size=15a64h ( 88676) map[0m
[0;32mI (154) esp_image: segment 5: paddr=00035a8c vaddr=40082de0 size=0b3a8h ( 45992) load[0m
[0;32mI (179) boot: Loaded app from partition at offset 0x10000[0m
[0;32mI (179) boot: Disabling RNG early entropy source...[0m
[0;32mI (190) cpu_start: Multicore app[0m
[0;32mI (199) cpu_start: Pro cpu start user code[0m
[0;32mI (199) cpu_start: cpu freq: 160000000 Hz[0m
[0;32mI (199) app_init: Application information:[0m
[0;32mI (199) app_init: Project name:     example_oledScreen[0m
[0;32mI (204) app_init: App version:      1[0m
[0;32mI (207) app_init: Compile time:     Apr 14 2025 11:08:04[0m
[0;32mI (212) app_init: ELF file SHA256:  e706951af...[0m
[0;32mI (216) app_init: ESP-IDF:          v5.4.1[0m
[0;32mI (220) efuse_init: Min chip rev:     v0.0[0m
[0;32mI (224) efuse_init: Max chip rev:     v3.99 [0m
[0;32mI (228) efuse_init: Chip rev:         v1.0[0m
[0;32mI (232) heap_init: Initializing. RAM available for dynamic allocation:[0m
[0;32mI (238) heap_init: At 3FFAE6E0 len 00001920 (6 KiB): DRAM[0m
[0;32mI (243) heap_init: At 3FFB2C28 len 0002D3D8 (180 KiB): DRAM[0m
[0;32mI (249) heap_init: At 3FFE0440 len 00003AE0 (14 KiB): D/IRAM[0m
[0;32mI (254) heap_init: At 3FFE4350 len 0001BCB0 (111 KiB): D/IRAM[0m
[0;32mI (259) heap_init: At 4008E188 len 00011E78 (71 KiB): IRAM[0m
[0;32mI (266) spi_flash: detected chip: generic[0m
[0;32mI (268) spi_flash: flash io: dio[0m
[0;33mW (271) spi_flash: Detected size(4096k) larger than the size in the binary image header(2048k). Using the size in the binary image header.[0m
[0;33mW (283) i2c: This driver is an old driver, please migrate your application code to adapt `driver/i2c_master.h`[0m
[0;32mI (294) main_task: Started on CPU0[0m
[0;32mI (304) main_task: Calling app_main()[0m
ESP_ERROR_CHECK failed: esp_err_t 0xffffffff (ESP_FAIL) at 0x400d692c
file: "/IDF/components/screenOLED/screenOLED.c" line 69
func: OLEDscreen_init
expression: send_cmd(init_seq[i])

abort() was called at PC 0x400869d3 on core 0


Backtrace: 0x40081a0d:0x3ffb3da0 0x400869dd:0x3ffb3dc0 0x4008ca89:0x3ffb3de0 0x400869d3:0x3ffb3e50 0x400d692c:0x3ffb3e80 0x400d6804:0x3ffb3ee0 0x400e53a4:0x3ffb3f20 0x400873dd:0x3ffb3f50




ELF file SHA256: e706951af

Rebooting...
ets Jun  8 2016 00:22:57

rst:0xc (SW_CPU_RESET),boot:0x13 (SPI_FAST_FLASH_BOOT)
configsip: 0, SPIWP:0xee
clk_drv:0x00,q_drv:0x00,d_drv:0x00,cs0_drv:0x00,hd_drv:0x00,wp_drv:0x00
mode:DIO, clock div:2
load:0x3fff0030,len:6276
load:0x40078000,len:15748
load:0x40080400,len:4
ho 8 tail 4 room 4
load:0x40080404,len:3860
entry 0x4008063c
[0;32mI (30) boot: ESP-IDF v5.4.1 2nd stage bootloader[0m
[0;32mI (31) boot: compile time Apr 14 2025 11:20:41[0m
[0;32mI (31) boot: Multicore bootloader[0m
[0;32mI (32) boot: chip revision: v1.0[0m
[0;32mI (35) boot.esp32: SPI Speed      : 40MHz[0m
[0;32mI (39) boot.esp32: SPI Mode       : DIO[0m
[0;32mI (42) boot.esp32: SPI Flash Size : 2MB[0m
[0;32mI (46) boot: Enabling RNG early entropy source...[0m
[0;32mI (50) boot: Partition Table:[0m
[0;32mI (53) boot: ## Label            Usage          Type ST Offset   Length[0m
[0;32mI (59) boot:  0 nvs              WiFi data        01 02 00009000 00006000[0m
[0;32mI (66) boot:  1 phy_init         RF data          01 01 0000f000 00001000[0m
[0;32mI (72) boot:  2 factory          factory app      00 00 00010000 00100000[0m
[0;32mI (79) boot: End of partition table[0m
[0;32mI (82) esp_image: segment 0: paddr=00010020 vaddr=3f400020 size=0aea0h ( 44704) map[0m
[0;32mI (105) esp_image: segment 1: paddr=0001aec8 vaddr=3ff80000 size=0001ch (    28) load[0m
[0;32mI (105) esp_image: segment 2: paddr=0001aeec vaddr=3ffb0000 size=02344h (  9028) load[0m
[0;32mI (112) esp_image: segment 3: paddr=0001d238 vaddr=40080000 size=02de0h ( 11744) load[0m
[0;32mI (121) esp_image: segment 4: paddr=00020020 vaddr=400d0020 size=15a64h ( 88676) map[0m
[0;32mI (154) esp_image: segment 5: paddr=00035a8c vaddr=40082de0 size=0b3a8h ( 45992) load[0m
[0;32mI (179) boot: Loaded app from partition at offset 0x10000[0m
[0;32mI (179) boot: Disabling RNG early entropy source...[0m
[0;32mI (190) cpu_start: Multicore app[0m
[0;32mI (199) cpu_start: Pro cpu start user code[0m
[0;32mI (199) cpu_start: cpu freq: 160000000 Hz[0m
[0;32mI (199) app_init: Application information:[0m
[0;32mI (199) app_init: Project name:     example_oledScreen[0m
[0;32mI (204) app_init: App version:      1[0m
[0;32mI (207) app_init: Compile time:     Apr 14 2025 11:08:04[0m
[0;32mI (212) app_init: ELF file SHA256:  e706951af...[0m
[0;32mI (216) app_init: ESP-IDF:          v5.4.1[0m
[0;32mI (220) efuse_init: Min chip rev:     v0.0[0m
[0;32mI (224) efuse_init: Max chip rev:     v3.99 [0m
[0;32mI (228) efuse_init: Chip rev:         v1.0[0m
[0;32mI (232) heap_init: Initializing. RAM available for dynamic allocation:[0m
[0;32mI (238) heap_init: At 3FFAE6E0 len 00001920 (6 KiB): DRAM[0m
[0;32mI (243) heap_init: At 3FFB2C28 len 0002D3D8 (180 KiB): DRAM[0m
[0;32mI (249) heap_init: At 3FFE0440 len 00003AE0 (14 KiB): D/IRAM[0m
[0;32mI (254) heap_init: At 3FFE4350 len 0001BCB0 (111 KiB): D/IRAM[0m
[0;32mI (259) heap_init: At 4008E188 len 00011E78 (71 KiB): IRAM[0m
[0;32mI (266) spi_flash: detected chip: generic[0m
[0;32mI (268) spi_flash: flash io: dio[0m
[0;33mW (271) spi_flash: Detected size(4096k) larger than the size in the binary image header(2048k). Using the size in the binary image header.[0m
[0;33mW (283) i2c: This driver is an old driver, please migrate your application code to adapt `driver/i2c_master.h`[0m
[0;32mI (294) main_task: Started on CPU0[0m
[0;32mI (304) main_task: Calling app_main()[0m
ESP_ERROR_CHECK failed: esp_err_t 0xffffffff (ESP_FAIL) at 0x400d692c
file: "/IDF/components/screenOLED/screenOLED.c" line 69
func: OLEDscreen_init
expression: send_cmd(init_seq[i])

abort() was called at PC 0x400869d3 on core 0


Backtrace: 0x40081a0d:0x3ffb3da0 0x400869dd:0x3ffb3dc0 0x4008ca89:0x3ffb3de0 0x400869d3:0x3ffb3e50 0x400d692c:0x3ffb3e80 0x400d6804:0x3ffb3ee0 0x400e53a4:0x3ffb3f20 0x400873dd:0x3ffb3f50




ELF file SHA256: e706951af

Rebooting...
ets Jun  8 2016 00:22:57

rst:0xc (SW_CPU_RESET),boot:0x13 (SPI_FAST_FLASH_BOOT)
configsip: 0, SPIWP:0xee
clk_drv:0x00,q_drv:0x00,d_drv:0x00,cs0_drv:0x00,hd_drv:0x00,wp_drv:0x00
mode:DIO, clock div:2
load:0x3fff0030,len:6276
load:0x40078000,len:15748
load:0x40080400,len:4
ho 8 tail 4 room 4
load:0x40080404,len:3860
entry 0x4008063c
[0;32mI (30) boot: ESP-IDF v5.4.1 2nd stage bootloader[0m
[0;32mI (31) boot: compile time Apr 14 2025 11:20:41[0m
[0;32mI (31) boot: Multicore bootloader[0m
[0;32mI (32) boot: chip revision: v1.0[0m
[0;32mI (35) boot.esp32: SPI Speed      : 40MHz[0m
[0;32mI (39) boot.esp32: SPI Mode       : DIO[0m
[0;32mI (42) boot.esp32: SPI Flash Size : 2MB[0m
[0;32mI (46) boot: Enabling RNG early entropy source...[0m
[0;32mI (50) boot: Partition Table:[0m
[0;32mI (53) boot: ## Label            Usage          Type ST Offset   Length[0m
[0;32mI (59) boot:  0 nvs              WiFi data        01 02 00009000 00006000[0m
[0;32mI (66) boot:  1 phy_init         RF data          01 01 0000f000 00001000[0m
[0;32mI (72) boot:  2 factory          factory app      00 00 00010000 00100000[0m
[0;32mI (79) boot: End of partition table[0m
[0;32mI (82) esp_image: segment 0: paddr=00010020 vaddr=3f400020 size=0aea0h ( 44704) map[0m
[0;32mI (105) esp_image: segment 1: paddr=0001aec8 vaddr=3ff80000 size=0001ch (    28) load[0m
[0;32mI (105) esp_image: segment 2: paddr=0001aeec vaddr=3ffb0000 size=02344h (  9028) load[0m
[0;32mI (112) esp_image: segment 3: paddr=0001d238 vaddr=40080000 size=02de0h ( 11744) load[0m
[0;32mI (121) esp_image: segment 4: paddr=00020020 vaddr=400d0020 size=15a64h ( 88676) map[0m
[0;32mI (154) esp_image: segment 5: paddr=00035a8c vaddr=40082de0 size=0b3a8h ( 45992) load[0m
[0;32mI (179) boot: Loaded app from partition at offset 0x10000[0m
[0;32mI (179) boot: Disabling RNG early entropy source...[0m
[0;32mI (190) cpu_start: Multicore app[0m
[0;32mI (199) cpu_start: Pro cpu start user code[0m
[0;32mI (199) cpu_start: cpu freq: 160000000 Hz[0m
[0;32mI (199) app_init: Application information:[0m
[0;32mI (199) app_init: Project name:     example_oledScreen[0m
[0;32mI (204) app_init: App version:      1[0m
[0;32mI (207) app_init: Compile time:     Apr 14 2025 11:08:04[0m
[0;32mI (212) app_init: ELF file SHA256:  e706951af...[0m
[0;32mI (216) app_init: ESP-IDF:          v5.4.1[0m
[0;32mI (220) efuse_init: Min chip rev:     v0.0[0m
[0;32mI (224) efuse_init: Max chip rev:     v3.99 [0m
[0;32mI (228) efuse_init: Chip rev:         v1.0[0m
[0;32mI (232) heap_init: Initializing. RAM available for dynamic allocation:[0m
[0;32mI (238) heap_init: At 3FFAE6E0 len 00001920 (6 KiB): DRAM[0m
[0;32mI (243) heap_init: At 3FFB2C28 len 0002D3D8 (180 KiB): DRAM[0m
[0;32mI (249) heap_init: At 3FFE0440 len 00003AE0 (14 KiB): D/IRAM[0m
[0;32mI (254) heap_init: At 3FFE4350 len 0001BCB0 (111 KiB): D/IRAM[0m
[0;32mI (259) heap_init: At 4008E188 len 00011E78 (71 KiB): IRAM[0m
[0;32mI (266) spi_flash: detected chip: generic[0m
[0;32mI (268) spi_flash: flash io: dio[0m
[0;33mW (271) spi_flash: Detected size(4096k) larger than the size in the binary image header(2048k). Using the size in the binary image header.[0m
[0;33mW (284) i2c: This driver is an old driver, please migrate your application code to adapt `driver/i2c_master.h`[0m
[0;32mI (294) main_task: Started on CPU0[0m
[0;32mI (304) main_task: Calling app_main()[0m
ESP_ERROR_CHECK failed: esp_err_t 0xffffffff (ESP_FAIL) at 0x400d692c
file: "/IDF/components/screenOLED/screenOLED.c" line 69
func: OLEDscreen_init
expression: send_cmd(init_seq[i])

abort() was called at PC 0x400869d3 on core 0


Backtrace: 0x40081a0d:0x3ffb3da0 0x400869dd:0x3ffb3dc0 0x4008ca89:0x3ffb3de0 0x400869d3:0x3ffb3e50 0x400d692c:0x3ffb3e80 0x400d6804:0x3ffb3ee0 0x400e53a4:0x3ffb3f20 0x400873dd:0x3ffb3f50




ELF file SHA256: e706951af

Rebooting...
ets Jun  8 2016 00:22:57

rst:0xc (SW_CPU_RESET),boot:0x13 (SPI_FAST_FLASH_BOOT)
configsip: 0, SPIWP:0xee
clk_drv:0x00,q_drv:0x00,d_drv:0x00,cs0_drv:0x00,hd_drv:0x00,wp_drv:0x00
mode:DIO, clock div:2
load:0x3fff0030,len:6276
load:0x40078000,len:15748
load:0x40080400,len:4
ho 8 tail 4 room 4
load:0x40080404,len:3860
entry 0x4008063c
[0;32mI (30) boot: ESP-IDF v5.4.1 2nd stage bootloader[0m
[0;32mI (31) boot: compile time Apr 14 2025 11:20:41[0m
[0;32mI (31) boot: Multicore bootloader[0m
[0;32mI (32) boot: chip revision: v1.0[0m
[0;32mI (35) boot.esp32: SPI Speed      : 40MHz[0m
[0;32mI (39) boot.esp32: SPI Mode       : DIO[0m
[0;32mI (42) boot.esp32: SPI Flash Size : 2MB[0m
[0;32mI (46) boot: Enabling RNG early entropy source...[0m
[0;32mI (50) boot: Partition Table:[0m
[0;32mI (53) boot: ## Label            Usage          Type ST Offset   Length[0m
[0;32mI (59) boot:  0 nvs              WiFi data        01 02 00009000 00006000[0m
[0;32mI (66) boot:  1 phy_init         RF data          01 01 0000f000 00001000[0m
[0;32mI (72) boot:  2 factory          factory app      00 00 00010000 00100000[0m
[0;32mI (79) boot: End of partition table[0m
[0;32mI (82) esp_image: segment 0: paddr=00010020 vaddr=3f400020 size=0aea0h ( 44704) map[0m
[0;32mI (105) esp_image: segment 1: paddr=0001aec8 vaddr=3ff80000 size=0001ch (    28) load[0m
[0;32mI (105) esp_image: segment 2: paddr=0001aeec vaddr=3ffb0000 size=02344h (  9028) load[0m
[0;32mI (112) esp_image: segment 3: paddr=0001d238 vaddr=40080000 size=02de0h ( 11744) load[0m
[0;32mI (121) esp_image: segment 4: paddr=00020020 vaddr=400d0020 size=15a64h ( 88676) map[0m
[0;32mI (154) esp_image: segment 5: paddr=00035a8c vaddr=40082de0 size=0b3a8h ( 45992) load[0m
[0;32mI (179) boot: Loaded app from partition at offset 0x10000[0m
[0;32mI (179) boot: Disabling RNG early entropy source...[0m
[0;32mI (190) cpu_start: Multicore app[0m
[0;32mI (199) cpu_start: Pro cpu start user code[0m
[0;32mI (199) cpu_start: cpu freq: 160000000 Hz[0m
[0;32mI (199) app_init: Application information:[0m
[0;32mI (199) app_init: Project name:     example_oledScreen[0m
[0;32mI (204) app_init: App version:      1[0m
[0;32mI (207) app_init: Compile time:     Apr 14 2025 11:08:04[0m
[0;32mI (212) app_init: ELF file SHA256:  e706951af...[0m
[0;32mI (216) app_init: ESP-IDF:          v5.4.1[0m
[0;32mI (220) efuse_init: Min chip rev:     v0.0[0m
[0;32mI (224) efuse_init: Max chip rev:     v3.99 [0m
[0;32mI (228) efuse_init: Chip rev:         v1.0[0m
[0;32mI (232) heap_init: Initializing. RAM available for dynamic allocation:[0m
[0;32mI (238) heap_init: At 3FFAE6E0 len 00001920 (6 KiB): DRAM[0m
[0;32mI (243) heap_init: At 3FFB2C28 len 0002D3D8 (180 KiB): DRAM[0m
[0;32mI (249) heap_init: At 3FFE0440 len 00003AE0 (14 KiB): D/IRAM[0m
[0;32mI (254) heap_init: At 3FFE4350 len 0001BCB0 (111 KiB): D/IRAM[0m
[0;32mI (259) heap_init: At 4008E188 len 00011E78 (71 KiB): IRAM[0m
[0;32mI (266) spi_flash: detected chip: generic[0m
[0;32mI (268) spi_flash: flash io: dio[0m
[0;33mW (271) spi_flash: Detected size(4096k) larger than the size in the binary image header(2048k). Using the size in the binary image header.[0m
[0;33mW (284) i2c: This driver is an old driver, please migrate your application code to adapt `driver/i2c_master.h`[0m
[0;32mI (294) main_task: Started on CPU0[0m
[0;32mI (304) main_task: Calling app_main()[0m
ESP_ERROR_CHECK failed: esp_err_t 0xffffffff (ESP_FAIL) at 0x400d692c
file: "/IDF/components/screenOLED/screenOLED.c" line 69
func: OLEDscreen_init
expression: send_cmd(init_seq[i])

abort() was called at PC 0x400869d3 on core 0


Backtrace: 0x40081a0d:0x3ffb3da0 0x400869dd:0x3ffb3dc0 0x4008ca89:0x3ffb3de0 0x400869d3:0x3ffb3e50 0x400d692c:0x3ffb3e80 0x400d6804:0x3ffb3ee0 0x400e53a4:0x3ffb3f20 0x400873dd:0x3ffb3f50




ELF file SHA256: e706951af

Rebooting...
ets Jun  8 2016 00:22:57

rst:0xc (SW_CPU_RESET),boot:0x13 (SPI_FAST_FLASH_BOOT)
configsip: 0, SPIWP:0xee
clk_drv:0x00,q_drv:0x00,d_drv:0x00,cs0_drv:0x00,hd_drv:0x00,wp_drv:0x00
mode:DIO, clock div:2
load:0x3fff0030,len:6276
load:0x40078000,len:15748
load:0x40080400,len:4
ho 8 tail 4 room 4
load:0x40080404,len:3860
entry 0x4008063c
[0;32mI (30) boot: ESP-IDF v5.4.1 2nd stage bootloader[0m
[0;32mI (31) boot: compile time Apr 14 2025 11:20:41[0m
[0;32mI (31) boot: Multicore bootloader[0m
[0;32mI (32) boot: chip revision: v1.0[0m
[0;32mI (35) boot.esp32: SPI Speed      : 40MHz[0m
[0;32mI (39) boot.esp32: SPI Mode       : DIO[0m
[0;32mI (42) boot.esp32: SPI Flash Size : 2MB[0m
[0;32mI (46) boot: Enabling RNG early entropy source...[0m
[0;32mI (50) boot: Partition Table:[0m
[0;32mI (53) boot: ## Label            Usage          Type ST Offset   Length[0m
[0;32mI (59) boot:  0 nvs              WiFi data        01 02 00009000 00006000[0m
[0;32mI (66) boot:  1 phy_init         RF data          01 01 0000f000 00001000[0m
[0;32mI (72) boot:  2 factory          factory app      00 00 00010000 00100000[0m
[0;32mI (79) boot: End of partition table[0m
[0;32mI (82) esp_image: segment 0: paddr=00010020 vaddr=3f400020 size=0aea0h ( 44704) map[0m
[0;32mI (105) esp_image: segment 1: paddr=0001aec8 vaddr=3ff80000 size=0001ch (    28) load[0m
[0;32mI (105) esp_image: segment 2: paddr=0001aeec vaddr=3ffb0000 size=02344h (  9028) load[0m
[0;32mI (112) esp_image: segment 3: paddr=0001d238 vaddr=40080000 size=02de0h ( 11744) load[0m
[0;32mI (121) esp_image: segment 4: paddr=00020020 vaddr=400d0020 size=15a64h ( 88676) map[0m
[0;32mI (154) esp_image: segment 5: paddr=00035a8c vaddr=40082de0 size=0b3a8h ( 45992) load[0m
[0;32mI (179) boot: Loaded app from partition at offset 0x10000[0m
[0;32mI (179) boot: Disabling RNG early entropy source...[0m
[0;32mI (190) cpu_start: Multicore app[0m
[0;32mI (199) cpu_start: Pro cpu start user code[0m
[0;32mI (199) cpu_start: cpu freq: 160000000 Hz[0m
[0;32mI (199) app_init: Application information:[0m
[0;32mI (199) app_init: Project name:     example_oledScreen[0m
[0;32mI (204) app_init: App version:      1[0m
[0;32mI (207) app_init: Compile time:     Apr 14 2025 11:08:04[0m
[0;32mI (212) app_init: ELF file SHA256:  e706951af...[0m
[0;32mI (216) app_init: ESP-IDF:          v5.4.1[0m
[0;32mI (220) efuse_init: Min chip rev:     v0.0[0m
[0;32mI (224) efuse_init: Max chip rev:     v3.99 [0m
[0;32mI (228) efuse_init: Chip rev:         v1.0[0m
[0;32mI (232) heap_init: Initializing. RAM available for dynamic allocation:[0m
[0;32mI (238) heap_init: At 3FFAE6E0 len 00001920 (6 KiB): DRAM[0m
[0;32mI (243) heap_init: At 3FFB2C28 len 0002D3D8 (180 KiB): DRAM[0m
[0;32mI (249) heap_init: At 3FFE0440 len 00003AE0 (14 KiB): D/IRAM[0m
[0;32mI (254) heap_init: At 3FFE4350 len 0001BCB0 (111 KiB): D/IRAM[0m
[0;32mI (259) heap_init: At 4008E188 len 00011E78 (71 KiB): IRAM[0m
[0;32mI (266) spi_flash: detected chip: generic[0m
[0;32mI (268) spi_flash: flash io: dio[0m
[0;33mW (271) spi_flash: Detected size(4096k) larger than the size in the binary image header(2048k). Using the size in the binary image header.[0m
[0;33mW (283) i2c: This driver is an old driver, please migrate your application code to adapt `driver/i2c_master.h`[0m
[0;32mI (294) main_task: Started on CPU0[0m
[0;32mI (304) main_task: Calling app_main()[0m
ESP_ERROR_CHECK failed: esp_err_t 0xffffffff (ESP_FAIL) at 0x400d692c
file: "/IDF/components/screenOLED/screenOLED.c" line 69
func: OLEDscreen_init
expression: send_cmd(init_seq[i])

abort() was called at PC 0x400869d3 on core 0


Backtrace: 0x40081a0d:0x3ffb3da0 0x400869dd:0x3ffb3dc0 0x4008ca89:0x3ffb3de0 0x400869d3:0x3ffb3e50 0x400d692c:0x3ffb3e80 0x400d6804:0x3ffb3ee0 0x400e53a4:0x3ffb3f20 0x400873dd:0x3ffb3f50




ELF file SHA256: e706951af

Rebooting...
ets Jun  8 2016 00:22:57

rst:0xc (SW_CPU_RESET),boot:0x13 (SPI_FAST_FLASH_BOOT)
configsip: 0, SPIWP:0xee
clk_drv:0x00,q_drv:0x00,d_drv:0x00,cs0_drv:0x00,hd_drv:0x00,wp_drv:0x00
mode:DIO, clock div:2
load:0x3fff0030,len:6276
load:0x40078000,len:15748
load:0x40080400,len:4
ho 8 tail 4 room 4
load:0x40080404,len:3860
entry 0x4008063c
[0;32mI (30) boot: ESP-IDF v5.4.1 2nd stage bootloader[0m
[0;32mI (31) boot: compile time Apr 14 2025 11:20:41[0m
[0;32mI (31) boot: Multicore bootloader[0m
[0;32mI (32) boot: chip revision: v1.0[0m
[0;32mI (35) boot.esp32: SPI Speed      : 40MHz[0m
[0;32mI (39) boot.esp32: SPI Mode       : DIO[0m
[0;32mI (42) boot.esp32: SPI Flash Size : 2MB[0m
[0;32mI (46) boot: Enabling RNG early entropy source...[0m
[0;32mI (50) boot: Partition Table:[0m
[0;32mI (53) boot: ## Label            Usage          Type ST Offset   Length[0m
[0;32mI (59) boot:  0 nvs              WiFi data        01 02 00009000 00006000[0m
[0;32mI (66) boot:  1 phy_init         RF data          01 01 0000f000 00001000[0m
[0;32mI (72) boot:  2 factory          factory app      00 00 00010000 00100000[0m
[0;32mI (79) boot: End of partition table[0m
[0;32mI (82) esp_image: segment 0: paddr=00010020 vaddr=3f400020 size=0aea0h ( 44704) map[0m
[0;32mI (105) esp_image: segment 1: paddr=0001aec8 vaddr=3ff80000 size=0001ch (    28) load[0m
[0;32mI (105) esp_image: segment 2: paddr=0001aeec vaddr=3ffb0000 size=02344h (  9028) load[0m
[0;32mI (112) esp_image: segment 3: paddr=0001d238 vaddr=40080000 size=02de0h ( 11744) load[0m
[0;32mI (121) esp_image: segment 4: paddr=00020020 vaddr=400d0020 size=15a64h ( 88676) map[0m
[0;32mI (154) esp_image: segment 5: paddr=00035a8c vaddr=40082de0 size=0b3a8h ( 45992) load[0m
[0;32mI (179) boot: Loaded app from partition at offset 0x10000[0m
[0;32mI (179) boot: Disabling RNG early entropy source...[0m
[0;32mI (190) cpu_start: Multicore app[0m
[0;32mI (199) cpu_start: Pro cpu start user code[0m
[0;32mI (199) cpu_start: cpu freq: 160000000 Hz[0m
[0;32mI (199) app_init: Application information:[0m
[0;32mI (199) app_init: Project name:     example_oledScreen[0m
[0;32mI (204) app_init: App version:      1[0m
[0;32mI (207) app_init: Compile time:     Apr 14 2025 11:08:04[0m
[0;32mI (212) app_init: ELF file SHA256:  e706951af...[0m
[0;32mI (216) app_init: ESP-IDF:          v5.4.1[0m
[0;32mI (220) efuse_init: Min chip rev:     v0.0[0m
[0;32mI (224) efuse_init: Max chip rev:     v3.99 [0m
[0;32mI (228) efuse_init: Chip rev:         v1.0[0m
[0;32mI (232) heap_init: Initializing. RAM available for dynamic allocation:[0m
[0;32mI (238) heap_init: At 3FFAE6E0 len 00001920 (6 KiB): DRAM[0m
[0;32mI (243) heap_init: At 3FFB2C28 len 0002D3D8 (180 KiB): DRAM[0m
[0;32mI (249) heap_init: At 3FFE0440 len 00003AE0 (14 KiB): D/IRAM[0m
[0;32mI (254) heap_init: At 3FFE4350 len 0001BCB0 (111 KiB): D/IRAM[0m
[0;32mI (259) heap_init: At 4008E188 len 00011E78 (71 KiB): IRAM[0m
[0;32mI (266) spi_flash: detected chip: generic[0m
[0;32mI (268) spi_flash: flash io: dio[0m
[0;33mW (271) spi_flash: Detected size(4096k) larger than the size in the binary image header(2048k). Using the size in the binary image header.[0m
[0;33mW (283) i2c: This driver is an old driver, please migrate your application code to adapt `driver/i2c_master.h`[0m
[0;32mI (294) main_task: Started on CPU0[0m
[0;32mI (304) main_task: Calling app_main()[0m
ESP_ERROR_CHECK failed: esp_err_t 0xffffffff (ESP_FAIL) at 0x400d692c
file: "/IDF/components/screenOLED/screenOLED.c" line 69
func: OLEDscreen_init
expression: send_cmd(init_seq[i])

abort() was called at PC 0x400869d3 on core 0


Backtrace: 0x40081a0d:0x3ffb3da0 0x400869dd:0x3ffb3dc0 0x4008ca89:0x3ffb3de0 0x400869d3:0x3ffb3e50 0x400d692c:0x3ffb3e80 0x400d6804:0x3ffb3ee0 0x400e53a4:0x3ffb3f20 0x400873dd:0x3ffb3f50




ELF file SHA256: e706951af

Rebooting...
ets Jun  8 2016 00:22:57

